ARM Linker, 5.03 [Build 76] [MDK-ARM Standard]

==============================================================================

Section Cross References

    main.o(.text) refers to ledbutton.o(.text) for LEDToggle
    main.o(.text) refers to time.o(.text) for InitSysTick
    main.o(.text) refers to serial.o(.text) for InitSerial
    main.o(.text) refers to imu.o(.text) for InitIMU
    main.o(.text) refers to motor.o(.text) for InitMotor
    main.o(.text) refers to rc.o(.text) for InitRC
    main.o(.text) refers to scheduler.o(.text) for CreateTask
    main.o(.text) refers to rc.o(.bss) for rc
    main.o(.text) refers to main.o(.data) for status
    main.o(.text) refers to pid.o(.text) for ComputePID
    main.o(.text) refers to telegram.o(.text) for TelegramStateMachine
    scheduler.o(.text) refers to h1_alloc.o(.text) for malloc
    scheduler.o(.text) refers to h1_realloc.o(.text) for realloc
    scheduler.o(.text) refers to time.o(.text) for Micros
    scheduler.o(.text) refers to scheduler.o(.data) for taskCounter
    imu.o(.text) refers to sensors.o(.text) for InitGyroAcc
    imu.o(.text) refers to time.o(.text) for DelayMillis
    imu.o(.text) refers to dflt_clz.o(x$fpl$dflt) for __aeabi_i2d
    imu.o(.text) refers to dmul.o(x$fpl$dmul) for __aeabi_dmul
    imu.o(.text) refers to d2f.o(x$fpl$d2f) for __aeabi_d2f
    imu.o(.text) refers to imu.o(.data) for previousT
    imu.o(.text) refers to imu.o(.bss) for EstG
    pid.o(.text) refers to utilities.o(.text) for constrain
    pid.o(.text) refers to motor.o(.text) for MotorUpdate
    pid.o(.text) refers to rc.o(.bss) for rc
    pid.o(.text) refers to imu.o(.bss) for imu
    pid.o(.text) refers to pid.o(.bss) for p
    pid.o(.text) refers to pid.o(.data) for rollP
    sensors.o(.text) refers to spi.o(.text) for InitSPI
    sensors.o(.text) refers to time.o(.text) for DelayMillis
    sensors.o(.text) refers to utilities.o(.text) for constrain
    sensors.o(.text) refers to sensors.o(.data) for calibratingG
    sensors.o(.text) refers to sensors.o(.bss) for g
    sensors.o(.text) refers to main.o(.data) for status
    sensors.o(.text) refers to main.o(.bss) for settings
    protocol.o(.text) refers to checksum.o(.text) for UpdateCRC
    protocol.o(.text) refers to serial.o(.text) for SerialReadByte
    protocol.o(.text) refers to rt_memcpy_v6.o(.text) for __aeabi_memcpy
    protocol.o(.text) refers to protocol.o(.data) for crcCounter
    protocol.o(.text) refers to protocol.o(.bss) for inFrame
    telegram.o(.text) refers to h1_alloc.o(.text) for malloc
    telegram.o(.text) refers to rt_memcpy_v6.o(.text) for __aeabi_memcpy
    telegram.o(.text) refers to protocol.o(.text) for SendFrame
    telegram.o(.text) refers to h1_free.o(.text) for free
    telegram.o(.text) refers to main.o(.data) for loopTime
    telegram.o(.text) refers to main.o(.bss) for settings
    telegram.o(.text) refers to pid.o(.data) for motor
    telegram.o(.text) refers to rc.o(.bss) for rc
    telegram.o(.text) refers to pid.o(.bss) for p
    telegram.o(.text) refers to imu.o(.data) for att
    telegram.o(.text) refers to imu.o(.bss) for imu
    checksum.o(.text) refers to checksum.o(.data) for crc
    rc.o(.text) refers to stm32f4xx_rcc.o(.text) for RCC_APB1PeriphClockCmd
    rc.o(.text) refers to stm32f4xx_tim.o(.text) for TIM_TimeBaseInit
    rc.o(.text) refers to stm32f4xx_gpio.o(.text) for GPIO_Init
    rc.o(.text) refers to misc.o(.text) for NVIC_Init
    rc.o(.text) refers to rc.o(.bss) for rcData
    rc.o(.text) refers to rc.o(.data) for now
    ledbutton.o(.text) refers to stm32f4xx_rcc.o(.text) for RCC_AHB1PeriphClockCmd
    ledbutton.o(.text) refers to stm32f4xx_gpio.o(.text) for GPIO_Init
    ledbutton.o(.text) refers to stm32f4xx_syscfg.o(.text) for SYSCFG_EXTILineConfig
    ledbutton.o(.text) refers to stm32f4xx_exti.o(.text) for EXTI_Init
    ledbutton.o(.text) refers to misc.o(.text) for NVIC_Init
    ledbutton.o(.text) refers to ledbutton.o(.constdata) for GPIO_PIN
    ledbutton.o(.text) refers to ledbutton.o(.data) for pbPressed
    ledbutton.o(.text) refers to time.o(.data) for pbFilterCounter
    time.o(.text) refers to system_stm32f4xx.o(.data) for SystemCoreClock
    time.o(.text) refers to time.o(.data) for timeDelay
    serial.o(.text) refers to stm32f4xx_gpio.o(.text) for GPIO_StructInit
    serial.o(.text) refers to stm32f4xx_usart.o(.text) for USART_StructInit
    serial.o(.text) refers to stm32f4xx_dma.o(.text) for DMA_StructInit
    serial.o(.text) refers to stm32f4xx_rcc.o(.text) for RCC_AHB1PeriphClockCmd
    serial.o(.text) refers to misc.o(.text) for NVIC_Init
    serial.o(.text) refers to serial.o(.bss) for RxBuffer
    serial.o(.text) refers to serial.o(.data) for RxBufferPos
    spi.o(.text) refers to stm32f4xx_rcc.o(.text) for RCC_AHB1PeriphClockCmd
    spi.o(.text) refers to stm32f4xx_gpio.o(.text) for GPIO_Init
    spi.o(.text) refers to stm32f4xx_spi.o(.text) for SPI_StructInit
[...]
    !!!scatter                               0x08000190   Section       52  __scatter.o(!!!scatter)
    !!handler_copy                           0x080001c4   Section       26  __scatter_copy.o(!!handler_copy)
    !!handler_zi                             0x080001e0   Section       28  __scatter_zi.o(!!handler_zi)
    .ARM.Collect$$libinit$$00000000          0x08008000   Section        2  libinit.o(.ARM.Collect$$libinit$$00000000)
    .ARM.Collect$$libinit$$00000001          0x08008002   Section        4  libinit2.o(.ARM.Collect$$libinit$$00000001)
    .ARM.Collect$$libinit$$00000003          0x08008006   Section        8  libinit2.o(.ARM.Collect$$libinit$$00000003)
    .ARM.Collect$$libinit$$00000008          0x0800800e   Section        0  libinit2.o(.ARM.Collect$$libinit$$00000008)
    .ARM.Collect$$libinit$$0000000A          0x0800800e   Section        0  libinit2.o(.ARM.Collect$$libinit$$0000000A)
    .ARM.Collect$$libinit$$0000000C          0x0800800e   Section        0  libinit2.o(.ARM.Collect$$libinit$$0000000C)
    .ARM.Collect$$libinit$$0000000F          0x0800800e   Section        0  libinit2.o(.ARM.Collect$$libinit$$0000000F)
    .ARM.Collect$$libinit$$00000011          0x0800800e   Section        0  libinit2.o(.ARM.Collect$$libinit$$00000011)
    .ARM.Collect$$libinit$$00000013          0x0800800e   Section        0  libinit2.o(.ARM.Collect$$libinit$$00000013)
    .ARM.Collect$$libinit$$00000015          0x0800800e   Section        0  libinit2.o(.ARM.Collect$$libinit$$00000015)
    .ARM.Collect$$libinit$$00000017          0x0800800e   Section        0  libinit2.o(.ARM.Collect$$libinit$$00000017)
    .ARM.Collect$$libinit$$00000019          0x0800800e   Section        0  libinit2.o(.ARM.Collect$$libinit$$00000019)
    .ARM.Collect$$libinit$$0000001B          0x0800800e   Section        0  libinit2.o(.ARM.Collect$$libinit$$0000001B)
    .ARM.Collect$$libinit$$0000001D          0x0800800e   Section        0  libinit2.o(.ARM.Collect$$libinit$$0000001D)
    .ARM.Collect$$libinit$$0000001F          0x0800800e   Section        0  libinit2.o(.ARM.Collect$$libinit$$0000001F)
    .ARM.Collect$$libinit$$00000021          0x0800800e   Section        0  libinit2.o(.ARM.Collect$$libinit$$00000021)
    .ARM.Collect$$libinit$$00000023          0x0800800e   Section        0  libinit2.o(.ARM.Collect$$libinit$$00000023)
    .ARM.Collect$$libinit$$0000002A          0x0800800e   Section        0  libinit2.o(.ARM.Collect$$libinit$$0000002A)
    .ARM.Collect$$libinit$$0000002C          0x0800800e   Section        0  libinit2.o(.ARM.Collect$$libinit$$0000002C)
    .ARM.Collect$$libinit$$0000002E          0x0800800e   Section        0  libinit2.o(.ARM.Collect$$libinit$$0000002E)
    .ARM.Collect$$libinit$$00000030          0x0800800e   Section        0  libinit2.o(.ARM.Collect$$libinit$$00000030)
    .ARM.Collect$$libinit$$00000031          0x0800800e   Section        2  libinit2.o(.ARM.Collect$$libinit$$00000031)
    .ARM.Collect$$libshutdown$$00000000      0x08008010   Section        2  libshutdown.o(.ARM.Collect$$libshutdown$$00000000)
    .ARM.Collect$$libshutdown$$00000003      0x08008012   Section        0  libshutdown2.o(.ARM.Collect$$libshutdown$$00000003)
    .ARM.Collect$$libshutdown$$00000006      0x08008012   Section        0  libshutdown2.o(.ARM.Collect$$libshutdown$$00000006)
    .ARM.Collect$$libshutdown$$00000009      0x08008012   Section        0  libshutdown2.o(.ARM.Collect$$libshutdown$$00000009)
    .ARM.Collect$$libshutdown$$0000000B      0x08008012   Section        0  libshutdown2.o(.ARM.Collect$$libshutdown$$0000000B)
    .ARM.Collect$$libshutdown$$0000000E      0x08008012   Section        0  libshutdown2.o(.ARM.Collect$$libshutdown$$0000000E)
    .ARM.Collect$$libshutdown$$0000000F      0x08008012   Section        2  libshutdown2.o(.ARM.Collect$$libshutdown$$0000000F)
    .ARM.Collect$$rtentry$$00000000          0x08008014   Section        0  rtentry.o(.ARM.Collect$$rtentry$$00000000)
    .ARM.Collect$$rtentry$$00000002          0x08008014   Section        0  rtentry2.o(.ARM.Collect$$rtentry$$00000002)
    .ARM.Collect$$rtentry$$00000004          0x08008014   Section        6  rtentry4.o(.ARM.Collect$$rtentry$$00000004)
    .ARM.Collect$$rtentry$$00000009          0x0800801a   Section        0  rtentry2.o(.ARM.Collect$$rtentry$$00000009)
    .ARM.Collect$$rtentry$$0000000A          0x0800801a   Section        4  rtentry2.o(.ARM.Collect$$rtentry$$0000000A)
    .ARM.Collect$$rtentry$$0000000C          0x0800801e   Section        0  rtentry2.o(.ARM.Collect$$rtentry$$0000000C)
    .ARM.Collect$$rtentry$$0000000D          0x0800801e   Section        8  rtentry2.o(.ARM.Collect$$rtentry$$0000000D)
    .ARM.Collect$$rtexit$$00000000           0x08008026   Section        2  rtexit.o(.ARM.Collect$$rtexit$$00000000)
    .ARM.Collect$$rtexit$$00000002           0x08008028   Section        0  rtexit2.o(.ARM.Collect$$rtexit$$00000002)
    .ARM.Collect$$rtexit$$00000003           0x08008028   Section        4  rtexit2.o(.ARM.Collect$$rtexit$$00000003)
    .ARM.Collect$$rtexit$$00000004           0x0800802c   Section        6  rtexit2.o(.ARM.Collect$$rtexit$$00000004)
    .emb_text                                0x08008034   Section        0  maybetermalloc1.o(.emb_text)
    .text                                    0x08008034   Section        0  main.o(.text)
    .text                                    0x08008168   Section        0  scheduler.o(.text)
    .text                                    0x08008238   Section        0  imu.o(.text)
    GetEstimatedAttitude                     0x080083af   Thumb Code   422  imu.o(.text)
    .text                                    0x08008620   Section        0  pid.o(.text)
    .text                                    0x080088e8   Section        0  sensors.o(.text)
    ReadRawGyro                              0x08008943   Thumb Code    74  sensors.o(.text)
    ReadRawAcc                               0x08008a4d   Thumb Code    70  sensors.o(.text)
    .text                                    0x08008b9c   Section        0  utilities.o(.text)
    .text                                    0x08008bb4   Section        0  protocol.o(.text)
    CaseCRC                                  0x08008bb5   Thumb Code    62  protocol.o(.text)
    CasePayload                              0x08008bf3   Thumb Code    54  protocol.o(.text)
    CaseLength                               0x08008c29   Thumb Code    26  protocol.o(.text)
    CaseCommand                              0x08008c43   Thumb Code    18  protocol.o(.text)
    CaseDirection                            0x08008c55   Thumb Code    18  protocol.o(.text)
    CaseStart                                0x08008c67   Thumb Code    30  protocol.o(.text)
    .text                                    0x08008dd4   Section        0  telegram.o(.text)
    SendLoopTime                             0x08008dd5   Thumb Code    54  telegram.o(.text)
    SendStatus                               0x08008e0b   Thumb Code    54  telegram.o(.text)
    StoreStatus                              0x08008e41   Thumb Code    42  telegram.o(.text)
    SendEepromData                           0x08008e6b   Thumb Code    54  telegram.o(.text)
    StoreEepromData                          0x08008ea1   Thumb Code    42  telegram.o(.text)
    SendMotorData                            0x08008ecb   Thumb Code    54  telegram.o(.text)
    SendRcData                               0x08008f01   Thumb Code    54  telegram.o(.text)
    SendPidData                              0x08008f37   Thumb Code    54  telegram.o(.text)
    StorePidData                             0x08008f6d   Thumb Code    42  telegram.o(.text)
    SendAttData                              0x08008f97   Thumb Code    54  telegram.o(.text)
    SendSensorData                           0x08008fcd   Thumb Code    54  telegram.o(.text)
    ProcessTelegram                          0x08009003   Thumb Code   152  telegram.o(.text)
    .text                                    0x080090cc   Section        0  checksum.o(.text)
    .text                                    0x08009124   Section        0  rc.o(.text)
    .text                                    0x080092a0   Section        0  ledbutton.o(.text)
    .text                                    0x080093c0   Section        0  time.o(.text)
    .text                                    0x080094a4   Section        0  serial.o(.text)
    TransmittData                            0x080095e1   Thumb Code   122  serial.o(.text)
    .text                                    0x08009730   Section        0  spi.o(.text)
    Transfer                                 0x080097f9   Thumb Code    82  spi.o(.text)
    .text                                    0x08009974   Section        0  motor.o(.text)
    .text                                    0x08009ad8   Section        0  system_stm32f4xx.o(.text)
    SetSysClock                              0x08009ad9   Thumb Code   218  system_stm32f4xx.o(.text)
    .text                                    0x08009ce4   Section       64  startup_stm32f40xx.o(.text)
    $v0                                      0x08009ce4   Number         0  startup_stm32f40xx.o(.text)
    .text                                    0x08009d24   Section        0  stm32f4xx_gpio.o(.text)
    .text                                    0x08009f80   Section        0  stm32f4xx_rcc.o(.text)
    .text                                    0x0800a518   Section        0  misc.o(.text)
    .text                                    0x0800a5fc   Section        0  stm32f4xx_exti.o(.text)
    .text                                    0x0800a718   Section        0  stm32f4xx_syscfg.o(.text)
    .text                                    0x0800a7a4   Section        0  stm32f4xx_usart.o(.text)
    .text                                    0x0800abf8   Section        0  stm32f4xx_dma.o(.text)
    .text                                    0x0800af9c   Section        0  stm32f4xx_spi.o(.text)
    .text                                    0x0800b3e8   Section        0  stm32f4xx_tim.o(.text)
    TI4_Config                               0x0800bb87   Thumb Code    80  stm32f4xx_tim.o(.text)
    TI3_Config                               0x0800bbe9   Thumb Code    72  stm32f4xx_tim.o(.text)
    TI2_Config                               0x0800bc4b   Thumb Code    90  stm32f4xx_tim.o(.text)
    TI1_Config                               0x0800bcb7   Thumb Code    58  stm32f4xx_tim.o(.text)
    .text                                    0x0800c08a   Section        0  h1_alloc.o(.text)
    .text                                    0x0800c0e8   Section        0  h1_free.o(.text)
    .text                                    0x0800c136   Section        0  h1_realloc.o(.text)
    .text                                    0x0800c1ee   Section      138  rt_memcpy_v6.o(.text)
    .text                                    0x0800c278   Section        0  heapauxi.o(.text)
    .text                                    0x0800c280   Section        8  rt_heap_descriptor_intlibspace.o(.text)
    .text                                    0x0800c288   Section        0  hguard.o(.text)
    .text                                    0x0800c28c   Section        0  init_alloc.o(.text)
    .text                                    0x0800c316   Section        0  h1_init.o(.text)
    .text                                    0x0800c324   Section      100  rt_memcpy_w.o(.text)
    .text                                    0x0800c388   Section        8  libspace.o(.text)
    .text                                    0x0800c390   Section        0  h1_extend.o(.text)
    .text                                    0x0800c3c4   Section        0  defsig_rtmem_outer.o(.text)
    .text                                    0x0800c3d2   Section        2  use_no_semi.o(.text)
    .text                                    0x0800c3d4   Section        0  indicate_semi.o(.text)
    .text                                    0x0800c3d4   Section       74  sys_stackheap_outer.o(.text)
    .text                                    0x0800c41e   Section        0  exit.o(.text)
    .text                                    0x0800c42a   Section        0  defsig_exit.o(.text)
    .text                                    0x0800c434   Section        0  defsig_rtmem_inner.o(.text)
    .text                                    0x0800c484   Section        0  sys_exit.o(.text)
    .text                                    0x0800c490   Section        0  defsig_general.o(.text)
    .text                                    0x0800c4c2   Section        0  sys_wrch.o(.text)
    x$fpl$d2f                                0x0800c4d0   Section       98  d2f.o(x$fpl$d2f)
    $v0                                      0x0800c4d0   Number         0  d2f.o(x$fpl$d2f)
    x$fpl$dflt                               0x0800c532   Section       46  dflt_clz.o(x$fpl$dflt)
    $v0                                      0x0800c532   Number         0  dflt_clz.o(x$fpl$dflt)
    x$fpl$dmul                               0x0800c560   Section      340  dmul.o(x$fpl$dmul)
    $v0                                      0x0800c560   Number         0  dmul.o(x$fpl$dmul)
    x$fpl$dnaninf                            0x0800c6b4   Section      156  dnaninf.o(x$fpl$dnaninf)
    $v0                                      0x0800c6b4   Number         0  dnaninf.o(x$fpl$dnaninf)
    x$fpl$dretinf                            0x0800c750   Section       12  dretinf.o(x$fpl$dretinf)
    $v0                                      0x0800c750   Number         0  dretinf.o(x$fpl$dretinf)
    x$fpl$fpinit                             0x0800c75c   Section       10  fpinit.o(x$fpl$fpinit)
    $v0                                      0x0800c75c   Number         0  fpinit.o(x$fpl$fpinit)
    x$fpl$fretinf                            0x0800c766   Section       10  fretinf.o(x$fpl$fretinf)
    $v0                                      0x0800c766   Number         0  fretinf.o(x$fpl$fretinf)
    .constdata                               0x0800c770   Section        8  ledbutton.o(.constdata)
    x$fpl$usenofp                            0x0800c770   Section        0  usenofp.o(x$fpl$usenofp)
    .data                                    0x20000000   Section        4  main.o(.data)
    armCounter                               0x20000000   Data           1  main.o(.data)
    .data                                    0x20000004   Section        8  scheduler.o(.data)
    Tasks                                    0x20000008   Data           4  scheduler.o(.data)
    .data                                    0x2000000c   Section       26  imu.o(.data)
    accLPF32                                 0x2000000c   Data          12  imu.o(.data)
    gyroADCprevious                          0x20000018   Data           6  imu.o(.data)
    previousT                                0x2000001e   Data           2  imu.o(.data)
    .data                                    0x20000026   Section       38  pid.o(.data)
    .data                                    0x2000004c   Section       16  sensors.o(.data)
    previousGyroADC                          0x20000056   Data           6  sensors.o(.data)
    .data                                    0x2000005c   Section        3  protocol.o(.data)
    state                                    0x2000005c   Data           1  protocol.o(.data)
    plCounter                                0x2000005d   Data           1  protocol.o(.data)
    crcCounter                               0x2000005e   Data           1  protocol.o(.data)
    .data                                    0x20000060   Section        2  checksum.o(.data)
    .data                                    0x20000062   Section        5  rc.o(.data)
    now                                      0x20000062   Data           2  rc.o(.data)
    last                                     0x20000064   Data           2  rc.o(.data)
    chan                                     0x20000066   Data           1  rc.o(.data)
    .data                                    0x20000067   Section        1  ledbutton.o(.data)
    .data                                    0x20000068   Section       12  time.o(.data)
    .data                                    0x20000074   Section       16  serial.o(.data)
    .data                                    0x20000084   Section       20  system_stm32f4xx.o(.data)
    .data                                    0x20000098   Section       16  stm32f4xx_rcc.o(.data)
    APBAHBPrescTable                         0x20000098   Data          16  stm32f4xx_rcc.o(.data)
    .bss                                     0x200000a8   Section       60  main.o(.bss)
    .bss                                     0x200000e4   Section       56  imu.o(.bss)
    EstG                                     0x20000104   Data          12  imu.o(.bss)
    EstG32                                   0x20000110   Data          12  imu.o(.bss)
    .bss                                     0x2000011c   Section       40  pid.o(.bss)
    .bss                                     0x20000144   Section       24  sensors.o(.bss)
    g                                        0x20000144   Data          12  sensors.o(.bss)
    a                                        0x20000150   Data          12  sensors.o(.bss)
    .bss                                     0x2000015c   Section       70  protocol.o(.bss)
    inFrame                                  0x2000015c   Data          70  protocol.o(.bss)
    .bss                                     0x200001a2   Section       32  rc.o(.bss)
    .bss                                     0x200001c2   Section     1024  serial.o(.bss)
    .bss                                     0x200005c4   Section       96  libspace.o(.bss)
    HEAP                                     0x20000628   Section      512  startup_stm32f40xx.o(HEAP)
    Heap_Mem                                 0x20000628   Data         512  startup_stm32f40xx.o(HEAP)
    STACK                                    0x20000828   Section     1024  startup_stm32f40xx.o(STACK)
    Stack_Mem                                0x20000828   Data        1024  startup_stm32f40xx.o(STACK)
    __initial_sp                             0x20000c28   Data           0  startup_stm32f40xx.o(STACK)

    Global Symbols

    Symbol Name                              Value     Ov Type        Size  Object(Section)

    BuildAttributes$$THM_ISAv4$E$P$D$K$B$S$7EM$VFPi3$EXTD16$VFPS$VFMA$PE$A:L22UL41UL21$X:L11$S22US41US21$IEEE1$IW$USESV6$~STKCKD$USESV7$~SHL$OTIME$ROPI$EBA8$UX$STANDARDLIB$REQ8$PRES8$EABIv2 0x00000000   Number         0  anon$$obj.o ABSOLUTE
    __ARM_use_no_argv                        0x00000000   Number         0  main.o ABSOLUTE
    __ARM_exceptions_init                     - Undefined Weak Reference
    __alloca_initialize                       - Undefined Weak Reference
    __cpp_initialize__aeabi_                  - Undefined Weak Reference
    __cxa_finalize                            - Undefined Weak Reference
    __rt_locale                               - Undefined Weak Reference
    __sigvec_lookup                           - Undefined Weak Reference
    __user_heap_extent                        - Undefined Weak Reference
    _atexit_init                              - Undefined Weak Reference
    _call_atexit_fns                          - Undefined Weak Reference
    _clock_init                               - Undefined Weak Reference
    _fp_trap_init                             - Undefined Weak Reference
    _fp_trap_shutdown                         - Undefined Weak Reference
    _get_lc_collate                           - Undefined Weak Reference
    _get_lc_ctype                             - Undefined Weak Reference
    _get_lc_monetary                          - Undefined Weak Reference
    _get_lc_numeric                           - Undefined Weak Reference
    _get_lc_time                              - Undefined Weak Reference
    _getenv_init                              - Undefined Weak Reference
    _handle_redirection                       - Undefined Weak Reference
    _initio                                   - Undefined Weak Reference
    _mutex_acquire                            - Undefined Weak Reference
    _mutex_free                               - Undefined Weak Reference
    _mutex_release                            - Undefined Weak Reference
    _rand_init                                - Undefined Weak Reference
    _signal_finish                            - Undefined Weak Reference
    _signal_init                              - Undefined Weak Reference
    _terminateio                              - Undefined Weak Reference
    __Vectors_Size                           0x00000188   Number         0  startup_stm32f40xx.o ABSOLUTE
    __Vectors                                0x08000000   Data           4  startup_stm32f40xx.o(RESET)
    __Vectors_End                            0x08000188   Data           0  startup_stm32f40xx.o(RESET)
    __main                                   0x08000189   Thumb Code     8  __main.o(!!!main)
    __scatterload                            0x08000191   Thumb Code     0  __scatter.o(!!!scatter)
    __scatterload_rt2                        0x08000191   Thumb Code    44  __scatter.o(!!!scatter)
    __scatterload_rt2_thumb_only             0x08000191   Thumb Code     0  __scatter.o(!!!scatter)
    __scatterload_null                       0x0800019f   Thumb Code     0  __scatter.o(!!!scatter)
    __scatterload_copy                       0x080001c5   Thumb Code    26  __scatter_copy.o(!!handler_copy)
    __scatterload_zeroinit                   0x080001e1   Thumb Code    28  __scatter_zi.o(!!handler_zi)
    Region$$Table$$Base                      0x080001fc   Number         0  anon$$obj.o(Region$$Table)
    Region$$Table$$Limit                     0x0800021c   Number         0  anon$$obj.o(Region$$Table)
    __rt_lib_init                            0x08008001   Thumb Code     0  libinit.o(.ARM.Collect$$libinit$$00000000)
    __rt_lib_init_fp_1                       0x08008003   Thumb Code     0  libinit2.o(.ARM.Collect$$libinit$$00000001)
    __rt_lib_init_heap_2                     0x08008007   Thumb Code     0  libinit2.o(.ARM.Collect$$libinit$$00000003)
    __rt_lib_init_alloca_1                   0x0800800f   Thumb Code     0  libinit2.o(.ARM.Collect$$libinit$$0000002C)
    __rt_lib_init_argv_1                     0x0800800f   Thumb Code     0  libinit2.o(.ARM.Collect$$libinit$$0000002A)
    __rt_lib_init_atexit_1                   0x0800800f   Thumb Code     0  libinit2.o(.ARM.Collect$$libinit$$00000019)
    __rt_lib_init_clock_1                    0x0800800f   Thumb Code     0  libinit2.o(.ARM.Collect$$libinit$$0000001F)
    __rt_lib_init_cpp_1                      0x0800800f   Thumb Code     0  libinit2.o(.ARM.Collect$$libinit$$00000030)
    __rt_lib_init_exceptions_1               0x0800800f   Thumb Code     0  libinit2.o(.ARM.Collect$$libinit$$0000002E)
    __rt_lib_init_fp_trap_1                  0x0800800f   Thumb Code     0  libinit2.o(.ARM.Collect$$libinit$$0000001D)
    __rt_lib_init_getenv_1                   0x0800800f   Thumb Code     0  libinit2.o(.ARM.Collect$$libinit$$00000021)
    __rt_lib_init_heap_1                     0x0800800f   Thumb Code     0  libinit2.o(.ARM.Collect$$libinit$$00000008)
    __rt_lib_init_lc_collate_1               0x0800800f   Thumb Code     0  libinit2.o(.ARM.Collect$$libinit$$0000000F)
    __rt_lib_init_lc_ctype_1                 0x0800800f   Thumb Code     0  libinit2.o(.ARM.Collect$$libinit$$00000011)
    __rt_lib_init_lc_monetary_1              0x0800800f   Thumb Code     0  libinit2.o(.ARM.Collect$$libinit$$00000013)
    __rt_lib_init_lc_numeric_1               0x0800800f   Thumb Code     0  libinit2.o(.ARM.Collect$$libinit$$00000015)
    __rt_lib_init_lc_time_1                  0x0800800f   Thumb Code     0  libinit2.o(.ARM.Collect$$libinit$$00000017)
    __rt_lib_init_rand_1                     0x0800800f   Thumb Code     0  libinit2.o(.ARM.Collect$$libinit$$0000000C)
    __rt_lib_init_return                     0x0800800f   Thumb Code     0  libinit2.o(.ARM.Collect$$libinit$$00000031)
    __rt_lib_init_signal_1                   0x0800800f   Thumb Code     0  libinit2.o(.ARM.Collect$$libinit$$0000001B)
    __rt_lib_init_stdio_1                    0x0800800f   Thumb Code     0  libinit2.o(.ARM.Collect$$libinit$$00000023)
    __rt_lib_init_user_alloc_1               0x0800800f   Thumb Code     0  libinit2.o(.ARM.Collect$$libinit$$0000000A)
    __rt_lib_shutdown                        0x08008011   Thumb Code     0  libshutdown.o(.ARM.Collect$$libshutdown$$00000000)
    __rt_lib_shutdown_fp_trap_1              0x08008013   Thumb Code     0  libshutdown2.o(.ARM.Collect$$libshutdown$$00000006)
    __rt_lib_shutdown_heap_1                 0x08008013   Thumb Code     0  libshutdown2.o(.ARM.Collect$$libshutdown$$0000000E)
    __rt_lib_shutdown_return                 0x08008013   Thumb Code     0  libshutdown2.o(.ARM.Collect$$libshutdown$$0000000F)
    __rt_lib_shutdown_signal_1               0x08008013   Thumb Code     0  libshutdown2.o(.ARM.Collect$$libshutdown$$00000009)
    __rt_lib_shutdown_stdio_1                0x08008013   Thumb Code     0  libshutdown2.o(.ARM.Collect$$libshutdown$$00000003)
    __rt_lib_shutdown_user_alloc_1           0x08008013   Thumb Code     0  libshutdown2.o(.ARM.Collect$$libshutdown$$0000000B)
    __rt_entry                               0x08008015   Thumb Code     0  rtentry.o(.ARM.Collect$$rtentry$$00000000)
    __rt_entry_presh_1                       0x08008015   Thumb Code     0  rtentry2.o(.ARM.Collect$$rtentry$$00000002)
    __rt_entry_sh                            0x08008015   Thumb Code     0  rtentry4.o(.ARM.Collect$$rtentry$$00000004)
    __rt_entry_li                            0x0800801b   Thumb Code     0  rtentry2.o(.ARM.Collect$$rtentry$$0000000A)
    __rt_entry_postsh_1                      0x0800801b   Thumb Code     0  rtentry2.o(.ARM.Collect$$rtentry$$00000009)
    __rt_entry_main                          0x0800801f   Thumb Code     0  rtentry2.o(.ARM.Collect$$rtentry$$0000000D)
    __rt_entry_postli_1                      0x0800801f   Thumb Code     0  rtentry2.o(.ARM.Collect$$rtentry$$0000000C)
    __rt_exit                                0x08008027   Thumb Code     0  rtexit.o(.ARM.Collect$$rtexit$$00000000)
    __rt_exit_ls                             0x08008029   Thumb Code     0  rtexit2.o(.ARM.Collect$$rtexit$$00000003)
    __rt_exit_prels_1                        0x08008029   Thumb Code     0  rtexit2.o(.ARM.Collect$$rtexit$$00000002)
    __rt_exit_exit                           0x0800802d   Thumb Code     0  rtexit2.o(.ARM.Collect$$rtexit$$00000004)
    ArmCheck                                 0x08008035   Thumb Code   168  main.o(.text)
    _maybe_terminate_alloc                   0x08008035   Thumb Code     0  maybetermalloc1.o(.emb_text)
    main                                     0x080080dd   Thumb Code   108  main.o(.text)
    CreateTask                               0x08008169   Thumb Code   110  scheduler.o(.text)
    RunScheduler                             0x080081d7   Thumb Code    90  scheduler.o(.text)
    InitIMU                                  0x08008239   Thumb Code    32  imu.o(.text)
    InvSqrt                                  0x08008259   Thumb Code    58  imu.o(.text)
    _atan2                                   0x08008293   Thumb Code   164  imu.o(.text)
    rotateV                                  0x08008337   Thumb Code   120  imu.o(.text)
    ComputeIMU                               0x08008555   Thumb Code   142  imu.o(.text)
    ComputePID                               0x08008621   Thumb Code   634  pid.o(.text)
    InitGyroAcc                              0x080088e9   Thumb Code    90  sensors.o(.text)
    GetGyroData                              0x0800898d   Thumb Code   192  sensors.o(.text)
    GetAccData                               0x08008a93   Thumb Code   232  sensors.o(.text)
    constrain                                0x08008b9d   Thumb Code    22  utilities.o(.text)
    ReceiveFrame                             0x08008c85   Thumb Code   164  protocol.o(.text)
    GetFrameData                             0x08008d29   Thumb Code    46  protocol.o(.text)
    SendFrame                                0x08008d57   Thumb Code   110  protocol.o(.text)
    TelegramStateMachine                     0x0800909b   Thumb Code    16  telegram.o(.text)
    UpdateCRC                                0x080090cd   Thumb Code    68  checksum.o(.text)
    ClearCRC                                 0x08009111   Thumb Code     8  checksum.o(.text)
    GetCRC                                   0x08009119   Thumb Code     6  checksum.o(.text)
    InitRC                                   0x08009125   Thumb Code   182  rc.o(.text)
    ComputeRC                                0x080091db   Thumb Code    52  rc.o(.text)
    TIM3_IRQHandler                          0x0800920f   Thumb Code   116  rc.o(.text)
    InitLED                                  0x080092a1   Thumb Code    54  ledbutton.o(.text)
    InitPB                                   0x080092d7   Thumb Code   116  ledbutton.o(.text)
    LEDOn                                    0x0800934b   Thumb Code    14  ledbutton.o(.text)
    LEDOff                                   0x08009359   Thumb Code    14  ledbutton.o(.text)
    LEDToggle                                0x08009367   Thumb Code    22  ledbutton.o(.text)
    EXTI0_IRQHandler                         0x0800937d   Thumb Code    44  ledbutton.o(.text)
    InitSysTick                              0x080093c1   Thumb Code    88  time.o(.text)
    SysTick_Handler                          0x08009419   Thumb Code    44  time.o(.text)
    DelayMicros                              0x08009445   Thumb Code    20  time.o(.text)
    DelayMillis                              0x08009459   Thumb Code    26  time.o(.text)
    Micros                                   0x08009473   Thumb Code     6  time.o(.text)
    Millis                                   0x08009479   Thumb Code    14  time.o(.text)
    InitSerial                               0x080094a5   Thumb Code   316  serial.o(.text)
    DMA1_Stream6_IRQHandler                  0x0800965b   Thumb Code    24  serial.o(.text)
    SerialAvailable                          0x08009673   Thumb Code    30  serial.o(.text)
    SerialReadByte                           0x08009691   Thumb Code    32  serial.o(.text)
    SerialWriteByte                          0x080096b1   Thumb Code    40  serial.o(.text)
    SerialWriteBytes                         0x080096d9   Thumb Code    26  serial.o(.text)
    fputc                                    0x080096f3   Thumb Code    16  serial.o(.text)
    InitSPI                                  0x08009731   Thumb Code   200  spi.o(.text)
    WriteByteSPI                             0x0800984b   Thumb Code    40  spi.o(.text)
    ReadByteSPI                              0x08009873   Thumb Code    46  spi.o(.text)
    ReadBytesSPI                             0x080098a1   Thumb Code    64  spi.o(.text)
    SetSPIClockDivider                       0x080098e1   Thumb Code   136  spi.o(.text)
    InitMotor                                0x08009975   Thumb Code   270  motor.o(.text)
    MotorUpdate                              0x08009a83   Thumb Code    70  motor.o(.text)
    SystemInit                               0x08009bb3   Thumb Code    88  system_stm32f4xx.o(.text)
    SystemCoreClockUpdate                    0x08009c0b   Thumb Code   174  system_stm32f4xx.o(.text)
    Reset_Handler                            0x08009ce5   Thumb Code     8  startup_stm32f40xx.o(.text)
    NMI_Handler                              0x08009ced   Thumb Code     2  startup_stm32f40xx.o(.text)
    HardFault_Handler                        0x08009cef   Thumb Code     2  startup_stm32f40xx.o(.text)
    MemManage_Handler                        0x08009cf1   Thumb Code     2  startup_stm32f40xx.o(.text)
    BusFault_Handler                         0x08009cf3   Thumb Code     2  startup_stm32f40xx.o(.text)
    UsageFault_Handler                       0x08009cf5   Thumb Code     2  startup_stm32f40xx.o(.text)
    SVC_Handler                              0x08009cf7   Thumb Code     2  startup_stm32f40xx.o(.text)
    DebugMon_Handler                         0x08009cf9   Thumb Code     2  startup_stm32f40xx.o(.text)
    PendSV_Handler                           0x08009cfb   Thumb Code     2  startup_stm32f40xx.o(.text)
    ADC_IRQHandler                           0x08009cff   Thumb Code     0  startup_stm32f40xx.o(.text)
    CAN1_RX0_IRQHandler                      0x08009cff   Thumb Code     0  startup_stm32f40xx.o(.text)
    CAN1_RX1_IRQHandler                      0x08009cff   Thumb Code     0  startup_stm32f40xx.o(.text)
    CAN1_SCE_IRQHandler                      0x08009cff   Thumb Code     0  startup_stm32f40xx.o(.text)
    CAN1_TX_IRQHandler                       0x08009cff   Thumb Code     0  startup_stm32f40xx.o(.text)
    CAN2_RX0_IRQHandler                      0x08009cff   Thumb Code     0  startup_stm32f40xx.o(.text)
    CAN2_RX1_IRQHandler                      0x08009cff   Thumb Code     0  startup_stm32f40xx.o(.text)
    CAN2_SCE_IRQHandler                      0x08009cff   Thumb Code     0  startup_stm32f40xx.o(.text)
    CAN2_TX_IRQHandler                       0x08009cff   Thumb Code     0  startup_stm32f40xx.o(.text)
    CRYP_IRQHandler                          0x08009cff   Thumb Code     0  startup_stm32f40xx.o(.text)
    DCMI_IRQHandler                          0x08009cff   Thumb Code     0  startup_stm32f40xx.o(.text)
    DMA1_Stream0_IRQHandler                  0x08009cff   Thumb Code     0  startup_stm32f40xx.o(.text)
    DMA1_Stream1_IRQHandler                  0x08009cff   Thumb Code     0  startup_stm32f40xx.o(.text)
    DMA1_Stream2_IRQHandler                  0x08009cff   Thumb Code     0  startup_stm32f40xx.o(.text)
    DMA1_Stream3_IRQHandler                  0x08009cff   Thumb Code     0  startup_stm32f40xx.o(.text)
    DMA1_Stream4_IRQHandler                  0x08009cff   Thumb Code     0  startup_stm32f40xx.o(.text)
    DMA1_Stream5_IRQHandler                  0x08009cff   Thumb Code     0  startup_stm32f40xx.o(.text)
    DMA1_Stream7_IRQHandler                  0x08009cff   Thumb Code     0  startup_stm32f40xx.o(.text)
    DMA2_Stream0_IRQHandler                  0x08009cff   Thumb Code     0  startup_stm32f40xx.o(.text)
    DMA2_Stream1_IRQHandler                  0x08009cff   Thumb Code     0  startup_stm32f40xx.o(.text)
    DMA2_Stream2_IRQHandler                  0x08009cff   Thumb Code     0  startup_stm32f40xx.o(.text)
    DMA2_Stream3_IRQHandler                  0x08009cff   Thumb Code     0  startup_stm32f40xx.o(.text)
    DMA2_Stream4_IRQHandler                  0x08009cff   Thumb Code     0  startup_stm32f40xx.o(.text)
    DMA2_Stream5_IRQHandler                  0x08009cff   Thumb Code     0  startup_stm32f40xx.o(.text)
    DMA2_Stream6_IRQHandler                  0x08009cff   Thumb Code     0  startup_stm32f40xx.o(.text)
    DMA2_Stream7_IRQHandler                  0x08009cff   Thumb Code     0  startup_stm32f40xx.o(.text)
    ETH_IRQHandler                           0x08009cff   Thumb Code     0  startup_stm32f40xx.o(.text)
    ETH_WKUP_IRQHandler                      0x08009cff   Thumb Code     0  startup_stm32f40xx.o(.text)
    EXTI15_10_IRQHandler                     0x08009cff   Thumb Code     0  startup_stm32f40xx.o(.text)
    EXTI1_IRQHandler                         0x08009cff   Thumb Code     0  startup_stm32f40xx.o(.text)
    EXTI2_IRQHandler                         0x08009cff   Thumb Code     0  startup_stm32f40xx.o(.text)
    EXTI3_IRQHandler                         0x08009cff   Thumb Code     0  startup_stm32f40xx.o(.text)
    EXTI4_IRQHandler                         0x08009cff   Thumb Code     0  startup_stm32f40xx.o(.text)
    EXTI9_5_IRQHandler                       0x08009cff   Thumb Code     0  startup_stm32f40xx.o(.text)
    FLASH_IRQHandler                         0x08009cff   Thumb Code     0  startup_stm32f40xx.o(.text)
    FPU_IRQHandler                           0x08009cff   Thumb Code     0  startup_stm32f40xx.o(.text)
    FSMC_IRQHandler                          0x08009cff   Thumb Code     0  startup_stm32f40xx.o(.text)
    HASH_RNG_IRQHandler                      0x08009cff   Thumb Code     0  startup_stm32f40xx.o(.text)
    I2C1_ER_IRQHandler                       0x08009cff   Thumb Code     0  startup_stm32f40xx.o(.text)
    I2C1_EV_IRQHandler                       0x08009cff   Thumb Code     0  startup_stm32f40xx.o(.text)
    I2C2_ER_IRQHandler                       0x08009cff   Thumb Code     0  startup_stm32f40xx.o(.text)
    I2C2_EV_IRQHandler                       0x08009cff   Thumb Code     0  startup_stm32f40xx.o(.text)
    I2C3_ER_IRQHandler                       0x08009cff   Thumb Code     0  startup_stm32f40xx.o(.text)
    I2C3_EV_IRQHandler                       0x08009cff   Thumb Code     0  startup_stm32f40xx.o(.text)
    OTG_FS_IRQHandler                        0x08009cff   Thumb Code     0  startup_stm32f40xx.o(.text)
    OTG_FS_WKUP_IRQHandler                   0x08009cff   Thumb Code     0  startup_stm32f40xx.o(.text)
    OTG_HS_EP1_IN_IRQHandler                 0x08009cff   Thumb Code     0  startup_stm32f40xx.o(.text)
    OTG_HS_EP1_OUT_IRQHandler                0x08009cff   Thumb Code     0  startup_stm32f40xx.o(.text)
    OTG_HS_IRQHandler                        0x08009cff   Thumb Code     0  startup_stm32f40xx.o(.text)
    OTG_HS_WKUP_IRQHandler                   0x08009cff   Thumb Code     0  startup_stm32f40xx.o(.text)
    PVD_IRQHandler                           0x08009cff   Thumb Code     0  startup_stm32f40xx.o(.text)
    RCC_IRQHandler                           0x08009cff   Thumb Code     0  startup_stm32f40xx.o(.text)
    RTC_Alarm_IRQHandler                     0x08009cff   Thumb Code     0  startup_stm32f40xx.o(.text)
    RTC_WKUP_IRQHandler                      0x08009cff   Thumb Code     0  startup_stm32f40xx.o(.text)
    SDIO_IRQHandler                          0x08009cff   Thumb Code     0  startup_stm32f40xx.o(.text)
    SPI1_IRQHandler                          0x08009cff   Thumb Code     0  startup_stm32f40xx.o(.text)
    SPI2_IRQHandler                          0x08009cff   Thumb Code     0  startup_stm32f40xx.o(.text)
    SPI3_IRQHandler                          0x08009cff   Thumb Code     0  startup_stm32f40xx.o(.text)
    TAMP_STAMP_IRQHandler                    0x08009cff   Thumb Code     0  startup_stm32f40xx.o(.text)
    TIM1_BRK_TIM9_IRQHandler                 0x08009cff   Thumb Code     0  startup_stm32f40xx.o(.text)
    TIM1_CC_IRQHandler                       0x08009cff   Thumb Code     0  startup_stm32f40xx.o(.text)
    TIM1_TRG_COM_TIM11_IRQHandler            0x08009cff   Thumb Code     0  startup_stm32f40xx.o(.text)
    TIM1_UP_TIM10_IRQHandler                 0x08009cff   Thumb Code     0  startup_stm32f40xx.o(.text)
    TIM2_IRQHandler                          0x08009cff   Thumb Code     0  startup_stm32f40xx.o(.text)
    TIM4_IRQHandler                          0x08009cff   Thumb Code     0  startup_stm32f40xx.o(.text)
    TIM5_IRQHandler                          0x08009cff   Thumb Code     0  startup_stm32f40xx.o(.text)
    TIM6_DAC_IRQHandler                      0x08009cff   Thumb Code     0  startup_stm32f40xx.o(.text)
    TIM7_IRQHandler                          0x08009cff   Thumb Code     0  startup_stm32f40xx.o(.text)
    TIM8_BRK_TIM12_IRQHandler                0x08009cff   Thumb Code     0  startup_stm32f40xx.o(.text)
    TIM8_CC_IRQHandler                       0x08009cff   Thumb Code     0  startup_stm32f40xx.o(.text)
    TIM8_TRG_COM_TIM14_IRQHandler            0x08009cff   Thumb Code     0  startup_stm32f40xx.o(.text)
    TIM8_UP_TIM13_IRQHandler                 0x08009cff   Thumb Code     0  startup_stm32f40xx.o(.text)
    UART4_IRQHandler                         0x08009cff   Thumb Code     0  startup_stm32f40xx.o(.text)
    UART5_IRQHandler                         0x08009cff   Thumb Code     0  startup_stm32f40xx.o(.text)
    USART1_IRQHandler                        0x08009cff   Thumb Code     0  startup_stm32f40xx.o(.text)
    USART2_IRQHandler                        0x08009cff   Thumb Code     0  startup_stm32f40xx.o(.text)
    USART3_IRQHandler                        0x08009cff   Thumb Code     0  startup_stm32f40xx.o(.text)
    USART6_IRQHandler                        0x08009cff   Thumb Code     0  startup_stm32f40xx.o(.text)
    WWDG_IRQHandler                          0x08009cff   Thumb Code     0  startup_stm32f40xx.o(.text)
    __user_initial_stackheap                 0x08009d01   Thumb Code     0  startup_stm32f40xx.o(.text)
    GPIO_DeInit                              0x08009d25   Thumb Code   220  stm32f4xx_gpio.o(.text)
    GPIO_Init                                0x08009e01   Thumb Code   144  stm32f4xx_gpio.o(.text)
    GPIO_StructInit                          0x08009e91   Thumb Code    18  stm32f4xx_gpio.o(.text)
    GPIO_PinLockConfig                       0x08009ea3   Thumb Code    34  stm32f4xx_gpio.o(.text)
    GPIO_ReadInputDataBit                    0x08009ec5   Thumb Code    18  stm32f4xx_gpio.o(.text)
    GPIO_ReadInputData                       0x08009ed7   Thumb Code     8  stm32f4xx_gpio.o(.text)
    GPIO_ReadOutputDataBit                   0x08009edf   Thumb Code    18  stm32f4xx_gpio.o(.text)
    GPIO_ReadOutputData                      0x08009ef1   Thumb Code     8  stm32f4xx_gpio.o(.text)
    GPIO_SetBits                             0x08009ef9   Thumb Code     4  stm32f4xx_gpio.o(.text)
    GPIO_ResetBits                           0x08009efd   Thumb Code     4  stm32f4xx_gpio.o(.text)
    GPIO_WriteBit                            0x08009f01   Thumb Code    10  stm32f4xx_gpio.o(.text)
    GPIO_Write                               0x08009f0b   Thumb Code     4  stm32f4xx_gpio.o(.text)
    GPIO_ToggleBits                          0x08009f0f   Thumb Code     8  stm32f4xx_gpio.o(.text)
    GPIO_PinAFConfig                         0x08009f17   Thumb Code    70  stm32f4xx_gpio.o(.text)
    RCC_DeInit                               0x08009f81   Thumb Code    68  stm32f4xx_rcc.o(.text)
    RCC_HSEConfig                            0x08009fc5   Thumb Code    14  stm32f4xx_rcc.o(.text)
    RCC_GetFlagStatus                        0x08009fd3   Thumb Code    60  stm32f4xx_rcc.o(.text)
    RCC_WaitForHSEStartUp                    0x0800a00f   Thumb Code    56  stm32f4xx_rcc.o(.text)
    RCC_AdjustHSICalibrationValue            0x0800a047   Thumb Code    20  stm32f4xx_rcc.o(.text)
    RCC_HSICmd                               0x0800a05b   Thumb Code     6  stm32f4xx_rcc.o(.text)
    RCC_LSEConfig                            0x0800a061   Thumb Code    46  stm32f4xx_rcc.o(.text)
    RCC_LSICmd                               0x0800a08f   Thumb Code     6  stm32f4xx_rcc.o(.text)
    RCC_PLLConfig                            0x0800a095   Thumb Code    32  stm32f4xx_rcc.o(.text)
    RCC_PLLCmd                               0x0800a0b5   Thumb Code     6  stm32f4xx_rcc.o(.text)
    RCC_PLLI2SConfig                         0x0800a0bb   Thumb Code    14  stm32f4xx_rcc.o(.text)
    RCC_PLLI2SCmd                            0x0800a0c9   Thumb Code     6  stm32f4xx_rcc.o(.text)
    RCC_ClockSecuritySystemCmd               0x0800a0cf   Thumb Code     6  stm32f4xx_rcc.o(.text)
    RCC_MCO1Config                           0x0800a0d5   Thumb Code    28  stm32f4xx_rcc.o(.text)
    RCC_MCO2Config                           0x0800a0f1   Thumb Code    28  stm32f4xx_rcc.o(.text)
    RCC_SYSCLKConfig                         0x0800a10d   Thumb Code    20  stm32f4xx_rcc.o(.text)
    RCC_GetSYSCLKSource                      0x0800a121   Thumb Code    12  stm32f4xx_rcc.o(.text)
    RCC_HCLKConfig                           0x0800a12d   Thumb Code    20  stm32f4xx_rcc.o(.text)
    RCC_PCLK1Config                          0x0800a141   Thumb Code    20  stm32f4xx_rcc.o(.text)
    RCC_PCLK2Config                          0x0800a155   Thumb Code    22  stm32f4xx_rcc.o(.text)
    RCC_GetClocksFreq                        0x0800a16b   Thumb Code   222  stm32f4xx_rcc.o(.text)
    RCC_RTCCLKConfig                         0x0800a249   Thumb Code    54  stm32f4xx_rcc.o(.text)
    RCC_RTCCLKCmd                            0x0800a27f   Thumb Code     8  stm32f4xx_rcc.o(.text)
    RCC_BackupResetCmd                       0x0800a287   Thumb Code     8  stm32f4xx_rcc.o(.text)
    RCC_I2SCLKConfig                         0x0800a28f   Thumb Code     6  stm32f4xx_rcc.o(.text)
    RCC_TIMCLKPresConfig                     0x0800a295   Thumb Code     6  stm32f4xx_rcc.o(.text)
    RCC_AHB1PeriphClockCmd                   0x0800a29b   Thumb Code    34  stm32f4xx_rcc.o(.text)
    RCC_AHB2PeriphClockCmd                   0x0800a2bd   Thumb Code    34  stm32f4xx_rcc.o(.text)
    RCC_AHB3PeriphClockCmd                   0x0800a2df   Thumb Code    34  stm32f4xx_rcc.o(.text)
    RCC_APB1PeriphClockCmd                   0x0800a301   Thumb Code    34  stm32f4xx_rcc.o(.text)
    RCC_APB2PeriphClockCmd                   0x0800a323   Thumb Code    34  stm32f4xx_rcc.o(.text)
    RCC_AHB1PeriphResetCmd                   0x0800a345   Thumb Code    84  stm32f4xx_rcc.o(.text)
    RCC_AHB2PeriphResetCmd                   0x0800a399   Thumb Code    26  stm32f4xx_rcc.o(.text)
    RCC_AHB3PeriphResetCmd                   0x0800a3b3   Thumb Code    34  stm32f4xx_rcc.o(.text)
    RCC_APB1PeriphResetCmd                   0x0800a3d5   Thumb Code    34  stm32f4xx_rcc.o(.text)
    RCC_APB2PeriphResetCmd                   0x0800a3f7   Thumb Code    34  stm32f4xx_rcc.o(.text)
    RCC_AHB1PeriphClockLPModeCmd             0x0800a419   Thumb Code    34  stm32f4xx_rcc.o(.text)
    RCC_AHB2PeriphClockLPModeCmd             0x0800a43b   Thumb Code    34  stm32f4xx_rcc.o(.text)
    RCC_AHB3PeriphClockLPModeCmd             0x0800a45d   Thumb Code    34  stm32f4xx_rcc.o(.text)
    RCC_APB1PeriphClockLPModeCmd             0x0800a47f   Thumb Code    34  stm32f4xx_rcc.o(.text)
    RCC_APB2PeriphClockLPModeCmd             0x0800a4a1   Thumb Code    34  stm32f4xx_rcc.o(.text)
    RCC_ITConfig                             0x0800a4c3   Thumb Code    34  stm32f4xx_rcc.o(.text)
    RCC_ClearFlag                            0x0800a4e5   Thumb Code    18  stm32f4xx_rcc.o(.text)
    RCC_GetITStatus                          0x0800a4f7   Thumb Code    22  stm32f4xx_rcc.o(.text)
    RCC_ClearITPendingBit                    0x0800a50d   Thumb Code     8  stm32f4xx_rcc.o(.text)
    NVIC_PriorityGroupConfig                 0x0800a519   Thumb Code    10  misc.o(.text)
    NVIC_Init                                0x0800a523   Thumb Code   108  misc.o(.text)
    NVIC_SetVectorTable                      0x0800a58f   Thumb Code    14  misc.o(.text)
    NVIC_SystemLPConfig                      0x0800a59d   Thumb Code    34  misc.o(.text)
    SysTick_CLKSourceConfig                  0x0800a5bf   Thumb Code    40  misc.o(.text)
    EXTI_DeInit                              0x0800a5fd   Thumb Code    28  stm32f4xx_exti.o(.text)
    EXTI_Init                                0x0800a619   Thumb Code   142  stm32f4xx_exti.o(.text)
    EXTI_StructInit                          0x0800a6a7   Thumb Code    16  stm32f4xx_exti.o(.text)
    EXTI_GenerateSWInterrupt                 0x0800a6b7   Thumb Code    16  stm32f4xx_exti.o(.text)
    EXTI_GetFlagStatus                       0x0800a6c7   Thumb Code    22  stm32f4xx_exti.o(.text)
    EXTI_ClearFlag                           0x0800a6dd   Thumb Code     8  stm32f4xx_exti.o(.text)
    EXTI_GetITStatus                         0x0800a6e5   Thumb Code    34  stm32f4xx_exti.o(.text)
    EXTI_ClearITPendingBit                   0x0800a707   Thumb Code     8  stm32f4xx_exti.o(.text)
    SYSCFG_DeInit                            0x0800a719   Thumb Code    22  stm32f4xx_syscfg.o(.text)
    SYSCFG_MemoryRemapConfig                 0x0800a72f   Thumb Code     6  stm32f4xx_syscfg.o(.text)
    SYSCFG_EXTILineConfig                    0x0800a735   Thumb Code    66  stm32f4xx_syscfg.o(.text)
    SYSCFG_ETH_MediaInterfaceConfig          0x0800a777   Thumb Code     6  stm32f4xx_syscfg.o(.text)
    SYSCFG_CompensationCellCmd               0x0800a77d   Thumb Code     6  stm32f4xx_syscfg.o(.text)
    SYSCFG_GetCompensationCellStatus         0x0800a783   Thumb Code    22  stm32f4xx_syscfg.o(.text)
    USART_DeInit                             0x0800a7a5   Thumb Code   206  stm32f4xx_usart.o(.text)
    USART_Init                               0x0800a873   Thumb Code   204  stm32f4xx_usart.o(.text)
    USART_StructInit                         0x0800a93f   Thumb Code    24  stm32f4xx_usart.o(.text)
    USART_ClockInit                          0x0800a957   Thumb Code    32  stm32f4xx_usart.o(.text)
    USART_ClockStructInit                    0x0800a977   Thumb Code    12  stm32f4xx_usart.o(.text)
    USART_Cmd                                0x0800a983   Thumb Code    24  stm32f4xx_usart.o(.text)
    USART_SetPrescaler                       0x0800a99b   Thumb Code    16  stm32f4xx_usart.o(.text)
    USART_OverSampling8Cmd                   0x0800a9ab   Thumb Code    22  stm32f4xx_usart.o(.text)
    USART_OneBitMethodCmd                    0x0800a9c1   Thumb Code    24  stm32f4xx_usart.o(.text)
    USART_SendData                           0x0800a9d9   Thumb Code     8  stm32f4xx_usart.o(.text)
    USART_ReceiveData                        0x0800a9e1   Thumb Code    10  stm32f4xx_usart.o(.text)
    USART_SetAddress                         0x0800a9eb   Thumb Code    18  stm32f4xx_usart.o(.text)
    USART_ReceiverWakeUpCmd                  0x0800a9fd   Thumb Code    24  stm32f4xx_usart.o(.text)
    USART_WakeUpConfig                       0x0800aa15   Thumb Code    18  stm32f4xx_usart.o(.text)
    USART_LINBreakDetectLengthConfig         0x0800aa27   Thumb Code    18  stm32f4xx_usart.o(.text)
    USART_LINCmd                             0x0800aa39   Thumb Code    24  stm32f4xx_usart.o(.text)
    USART_SendBreak                          0x0800aa51   Thumb Code    10  stm32f4xx_usart.o(.text)
    USART_HalfDuplexCmd                      0x0800aa5b   Thumb Code    24  stm32f4xx_usart.o(.text)
    USART_SetGuardTime                       0x0800aa73   Thumb Code    16  stm32f4xx_usart.o(.text)
    USART_SmartCardCmd                       0x0800aa83   Thumb Code    24  stm32f4xx_usart.o(.text)
    USART_SmartCardNACKCmd                   0x0800aa9b   Thumb Code    24  stm32f4xx_usart.o(.text)
    USART_IrDAConfig                         0x0800aab3   Thumb Code    18  stm32f4xx_usart.o(.text)
    USART_IrDACmd                            0x0800aac5   Thumb Code    24  stm32f4xx_usart.o(.text)
    USART_DMACmd                             0x0800aadd   Thumb Code    18  stm32f4xx_usart.o(.text)
    USART_ITConfig                           0x0800aaef   Thumb Code    74  stm32f4xx_usart.o(.text)
    USART_GetFlagStatus                      0x0800ab39   Thumb Code    26  stm32f4xx_usart.o(.text)
    USART_ClearFlag                          0x0800ab53   Thumb Code    18  stm32f4xx_usart.o(.text)
    USART_GetITStatus                        0x0800ab65   Thumb Code   118  stm32f4xx_usart.o(.text)
    USART_ClearITPendingBit                  0x0800abdb   Thumb Code    30  stm32f4xx_usart.o(.text)
    DMA_DeInit                               0x0800abf9   Thumb Code   324  stm32f4xx_dma.o(.text)
    DMA_Init                                 0x0800ad3d   Thumb Code    82  stm32f4xx_dma.o(.text)
    DMA_StructInit                           0x0800ad8f   Thumb Code    34  stm32f4xx_dma.o(.text)
    DMA_Cmd                                  0x0800adb1   Thumb Code    22  stm32f4xx_dma.o(.text)
    DMA_PeriphIncOffsetSizeConfig            0x0800adc7   Thumb Code    22  stm32f4xx_dma.o(.text)
    DMA_FlowControllerConfig                 0x0800addd   Thumb Code    22  stm32f4xx_dma.o(.text)
    DMA_SetCurrDataCounter                   0x0800adf3   Thumb Code     4  stm32f4xx_dma.o(.text)
    DMA_GetCurrDataCounter                   0x0800adf7   Thumb Code     8  stm32f4xx_dma.o(.text)
    DMA_DoubleBufferModeConfig               0x0800adff   Thumb Code    24  stm32f4xx_dma.o(.text)
    DMA_DoubleBufferModeCmd                  0x0800ae17   Thumb Code    22  stm32f4xx_dma.o(.text)
    DMA_MemoryTargetConfig                   0x0800ae2d   Thumb Code    10  stm32f4xx_dma.o(.text)
    DMA_GetCurrentMemoryTarget               0x0800ae37   Thumb Code    20  stm32f4xx_dma.o(.text)
    DMA_GetCmdStatus                         0x0800ae4b   Thumb Code    20  stm32f4xx_dma.o(.text)
    DMA_GetFIFOStatus                        0x0800ae5f   Thumb Code    12  stm32f4xx_dma.o(.text)
    DMA_GetFlagStatus                        0x0800ae6b   Thumb Code    54  stm32f4xx_dma.o(.text)
    DMA_ClearFlag                            0x0800aea1   Thumb Code    40  stm32f4xx_dma.o(.text)
    DMA_ITConfig                             0x0800aec9   Thumb Code    58  stm32f4xx_dma.o(.text)
    DMA_GetITStatus                          0x0800af03   Thumb Code    82  stm32f4xx_dma.o(.text)
    DMA_ClearITPendingBit                    0x0800af55   Thumb Code    40  stm32f4xx_dma.o(.text)
    SPI_I2S_DeInit                           0x0800af9d   Thumb Code   152  stm32f4xx_spi.o(.text)
    SPI_Init                                 0x0800b035   Thumb Code    60  stm32f4xx_spi.o(.text)
    I2S_Init                                 0x0800b071   Thumb Code   346  stm32f4xx_spi.o(.text)
    SPI_StructInit                           0x0800b1cb   Thumb Code    24  stm32f4xx_spi.o(.text)
    I2S_StructInit                           0x0800b1e3   Thumb Code    20  stm32f4xx_spi.o(.text)
    SPI_Cmd                                  0x0800b1f7   Thumb Code    24  stm32f4xx_spi.o(.text)
    I2S_Cmd                                  0x0800b20f   Thumb Code    24  stm32f4xx_spi.o(.text)
    SPI_DataSizeConfig                       0x0800b227   Thumb Code    18  stm32f4xx_spi.o(.text)
    SPI_BiDirectionalLineConfig              0x0800b239   Thumb Code    28  stm32f4xx_spi.o(.text)
    SPI_NSSInternalSoftwareConfig            0x0800b255   Thumb Code    30  stm32f4xx_spi.o(.text)
    SPI_SSOutputCmd                          0x0800b273   Thumb Code    24  stm32f4xx_spi.o(.text)
    SPI_TIModeCmd                            0x0800b28b   Thumb Code    24  stm32f4xx_spi.o(.text)
    I2S_FullDuplexConfig                     0x0800b2a3   Thumb Code    80  stm32f4xx_spi.o(.text)
    SPI_I2S_ReceiveData                      0x0800b2f3   Thumb Code     6  stm32f4xx_spi.o(.text)
    SPI_I2S_SendData                         0x0800b2f9   Thumb Code     4  stm32f4xx_spi.o(.text)
    SPI_CalculateCRC                         0x0800b2fd   Thumb Code    24  stm32f4xx_spi.o(.text)
    SPI_TransmitCRC                          0x0800b315   Thumb Code    10  stm32f4xx_spi.o(.text)
    SPI_GetCRC                               0x0800b31f   Thumb Code    16  stm32f4xx_spi.o(.text)
    SPI_GetCRCPolynomial                     0x0800b32f   Thumb Code     6  stm32f4xx_spi.o(.text)
    SPI_I2S_DMACmd                           0x0800b335   Thumb Code    18  stm32f4xx_spi.o(.text)
    SPI_I2S_ITConfig                         0x0800b347   Thumb Code    32  stm32f4xx_spi.o(.text)
    SPI_I2S_GetFlagStatus                    0x0800b367   Thumb Code    18  stm32f4xx_spi.o(.text)
    SPI_I2S_ClearFlag                        0x0800b379   Thumb Code    40  stm32f4xx_spi.o(.text)
    SPI_I2S_GetITStatus                      0x0800b3a1   Thumb Code    52  stm32f4xx_spi.o(.text)
    SPI_I2S_ClearITPendingBit                0x0800b3d5   Thumb Code    20  stm32f4xx_spi.o(.text)
    TIM_DeInit                               0x0800b3e9   Thumb Code   346  stm32f4xx_tim.o(.text)
    TIM_TimeBaseInit                         0x0800b543   Thumb Code   104  stm32f4xx_tim.o(.text)
    TIM_TimeBaseStructInit                   0x0800b5ab   Thumb Code    18  stm32f4xx_tim.o(.text)
    TIM_PrescalerConfig                      0x0800b5bd   Thumb Code     6  stm32f4xx_tim.o(.text)
    TIM_CounterModeConfig                    0x0800b5c3   Thumb Code    18  stm32f4xx_tim.o(.text)
    TIM_SetCounter                           0x0800b5d5   Thumb Code     4  stm32f4xx_tim.o(.text)
    TIM_SetAutoreload                        0x0800b5d9   Thumb Code     4  stm32f4xx_tim.o(.text)
    TIM_GetCounter                           0x0800b5dd   Thumb Code     6  stm32f4xx_tim.o(.text)
    TIM_GetPrescaler                         0x0800b5e3   Thumb Code     6  stm32f4xx_tim.o(.text)
    TIM_UpdateDisableConfig                  0x0800b5e9   Thumb Code    24  stm32f4xx_tim.o(.text)
    TIM_UpdateRequestConfig                  0x0800b601   Thumb Code    24  stm32f4xx_tim.o(.text)
    TIM_ARRPreloadConfig                     0x0800b619   Thumb Code    24  stm32f4xx_tim.o(.text)
    TIM_SelectOnePulseMode                   0x0800b631   Thumb Code    18  stm32f4xx_tim.o(.text)
    TIM_SetClockDivision                     0x0800b643   Thumb Code    18  stm32f4xx_tim.o(.text)
    TIM_Cmd                                  0x0800b655   Thumb Code    24  stm32f4xx_tim.o(.text)
    TIM_OC1Init                              0x0800b66d   Thumb Code   114  stm32f4xx_tim.o(.text)
    TIM_OC2Init                              0x0800b6df   Thumb Code   154  stm32f4xx_tim.o(.text)
    TIM_OC3Init                              0x0800b779   Thumb Code   204  stm32f4xx_tim.o(.text)
    TIM_OC4Init                              0x0800b845   Thumb Code   112  stm32f4xx_tim.o(.text)
    TIM_OCStructInit                         0x0800b8b5   Thumb Code    20  stm32f4xx_tim.o(.text)
    TIM_SelectOCxM                           0x0800b8c9   Thumb Code    86  stm32f4xx_tim.o(.text)
    TIM_SetCompare1                          0x0800b91f   Thumb Code     4  stm32f4xx_tim.o(.text)
    TIM_SetCompare2                          0x0800b923   Thumb Code     4  stm32f4xx_tim.o(.text)
    TIM_SetCompare3                          0x0800b927   Thumb Code     4  stm32f4xx_tim.o(.text)
    TIM_SetCompare4                          0x0800b92b   Thumb Code     4  stm32f4xx_tim.o(.text)
    TIM_ForcedOC1Config                      0x0800b92f   Thumb Code    18  stm32f4xx_tim.o(.text)
    TIM_ForcedOC2Config                      0x0800b941   Thumb Code    26  stm32f4xx_tim.o(.text)
    TIM_ForcedOC3Config                      0x0800b95b   Thumb Code    18  stm32f4xx_tim.o(.text)
    TIM_ForcedOC4Config                      0x0800b96d   Thumb Code    26  stm32f4xx_tim.o(.text)
    TIM_OC1PreloadConfig                     0x0800b987   Thumb Code    18  stm32f4xx_tim.o(.text)
    TIM_OC2PreloadConfig                     0x0800b999   Thumb Code    26  stm32f4xx_tim.o(.text)
    TIM_OC3PreloadConfig                     0x0800b9b3   Thumb Code    18  stm32f4xx_tim.o(.text)
    TIM_OC4PreloadConfig                     0x0800b9c5   Thumb Code    26  stm32f4xx_tim.o(.text)
    TIM_OC1FastConfig                        0x0800b9df   Thumb Code    18  stm32f4xx_tim.o(.text)
    TIM_OC2FastConfig                        0x0800b9f1   Thumb Code    26  stm32f4xx_tim.o(.text)
    TIM_OC3FastConfig                        0x0800ba0b   Thumb Code    18  stm32f4xx_tim.o(.text)
    TIM_OC4FastConfig                        0x0800ba1d   Thumb Code    26  stm32f4xx_tim.o(.text)
    TIM_ClearOC1Ref                          0x0800ba37   Thumb Code    18  stm32f4xx_tim.o(.text)
    TIM_ClearOC2Ref                          0x0800ba49   Thumb Code    24  stm32f4xx_tim.o(.text)
    TIM_ClearOC3Ref                          0x0800ba61   Thumb Code    18  stm32f4xx_tim.o(.text)
    TIM_ClearOC4Ref                          0x0800ba73   Thumb Code    24  stm32f4xx_tim.o(.text)
    TIM_OC1PolarityConfig                    0x0800ba8b   Thumb Code    18  stm32f4xx_tim.o(.text)
    TIM_OC1NPolarityConfig                   0x0800ba9d   Thumb Code    18  stm32f4xx_tim.o(.text)
    TIM_OC2PolarityConfig                    0x0800baaf   Thumb Code    26  stm32f4xx_tim.o(.text)
    TIM_OC2NPolarityConfig                   0x0800bac9   Thumb Code    26  stm32f4xx_tim.o(.text)
    TIM_OC3PolarityConfig                    0x0800bae3   Thumb Code    26  stm32f4xx_tim.o(.text)
    TIM_OC3NPolarityConfig                   0x0800bafd   Thumb Code    26  stm32f4xx_tim.o(.text)
    TIM_OC4PolarityConfig                    0x0800bb17   Thumb Code    26  stm32f4xx_tim.o(.text)
    TIM_CCxCmd                               0x0800bb31   Thumb Code    30  stm32f4xx_tim.o(.text)
    TIM_CCxNCmd                              0x0800bb4f   Thumb Code    30  stm32f4xx_tim.o(.text)
    TIM_SetIC4Prescaler                      0x0800bb6d   Thumb Code    26  stm32f4xx_tim.o(.text)
    TIM_SetIC3Prescaler                      0x0800bbd7   Thumb Code    18  stm32f4xx_tim.o(.text)
    TIM_SetIC2Prescaler                      0x0800bc31   Thumb Code    26  stm32f4xx_tim.o(.text)
    TIM_SetIC1Prescaler                      0x0800bca5   Thumb Code    18  stm32f4xx_tim.o(.text)
    TIM_ICInit                               0x0800bcf1   Thumb Code   110  stm32f4xx_tim.o(.text)
    TIM_ICStructInit                         0x0800bd5f   Thumb Code    18  stm32f4xx_tim.o(.text)
    TIM_PWMIConfig                           0x0800bd71   Thumb Code   124  stm32f4xx_tim.o(.text)
    TIM_GetCapture1                          0x0800bded   Thumb Code     6  stm32f4xx_tim.o(.text)
    TIM_GetCapture2                          0x0800bdf3   Thumb Code     6  stm32f4xx_tim.o(.text)
    TIM_GetCapture3                          0x0800bdf9   Thumb Code     6  stm32f4xx_tim.o(.text)
    TIM_GetCapture4                          0x0800bdff   Thumb Code     6  stm32f4xx_tim.o(.text)
    TIM_BDTRConfig                           0x0800be05   Thumb Code    32  stm32f4xx_tim.o(.text)
    TIM_BDTRStructInit                       0x0800be25   Thumb Code    18  stm32f4xx_tim.o(.text)
    TIM_CtrlPWMOutputs                       0x0800be37   Thumb Code    30  stm32f4xx_tim.o(.text)
    TIM_SelectCOM                            0x0800be55   Thumb Code    24  stm32f4xx_tim.o(.text)
    TIM_CCPreloadControl                     0x0800be6d   Thumb Code    24  stm32f4xx_tim.o(.text)
    TIM_ITConfig                             0x0800be85   Thumb Code    18  stm32f4xx_tim.o(.text)
    TIM_GenerateEvent                        0x0800be97   Thumb Code     4  stm32f4xx_tim.o(.text)
    TIM_GetFlagStatus                        0x0800be9b   Thumb Code    18  stm32f4xx_tim.o(.text)
    TIM_ClearFlag                            0x0800bead   Thumb Code     6  stm32f4xx_tim.o(.text)
    TIM_GetITStatus                          0x0800beb3   Thumb Code    34  stm32f4xx_tim.o(.text)
    TIM_ClearITPendingBit                    0x0800bed5   Thumb Code     6  stm32f4xx_tim.o(.text)
    TIM_DMAConfig                            0x0800bedb   Thumb Code    10  stm32f4xx_tim.o(.text)
    TIM_DMACmd                               0x0800bee5   Thumb Code    18  stm32f4xx_tim.o(.text)
    TIM_SelectCCDMA                          0x0800bef7   Thumb Code    24  stm32f4xx_tim.o(.text)
    TIM_InternalClockConfig                  0x0800bf0f   Thumb Code    12  stm32f4xx_tim.o(.text)
    TIM_SelectInputTrigger                   0x0800bf1b   Thumb Code    18  stm32f4xx_tim.o(.text)
    TIM_ITRxExternalClockConfig              0x0800bf2d   Thumb Code    24  stm32f4xx_tim.o(.text)
    TIM_TIxExternalClockConfig               0x0800bf45   Thumb Code    62  stm32f4xx_tim.o(.text)
    TIM_ETRConfig                            0x0800bf83   Thumb Code    28  stm32f4xx_tim.o(.text)
    TIM_ETRClockMode1Config                  0x0800bf9f   Thumb Code    54  stm32f4xx_tim.o(.text)
    TIM_ETRClockMode2Config                  0x0800bfd5   Thumb Code    32  stm32f4xx_tim.o(.text)
    TIM_SelectOutputTrigger                  0x0800bff5   Thumb Code    18  stm32f4xx_tim.o(.text)
    TIM_SelectSlaveMode                      0x0800c007   Thumb Code    18  stm32f4xx_tim.o(.text)
    TIM_SelectMasterSlaveMode                0x0800c019   Thumb Code    18  stm32f4xx_tim.o(.text)
    TIM_EncoderInterfaceConfig               0x0800c02b   Thumb Code    66  stm32f4xx_tim.o(.text)
    TIM_SelectHallSensor                     0x0800c06d   Thumb Code    24  stm32f4xx_tim.o(.text)
    TIM_RemapConfig                          0x0800c085   Thumb Code     6  stm32f4xx_tim.o(.text)
    malloc                                   0x0800c08b   Thumb Code    94  h1_alloc.o(.text)
    free                                     0x0800c0e9   Thumb Code    78  h1_free.o(.text)
    realloc                                  0x0800c137   Thumb Code   184  h1_realloc.o(.text)
    __aeabi_memcpy                           0x0800c1ef   Thumb Code     0  rt_memcpy_v6.o(.text)
    __rt_memcpy                              0x0800c1ef   Thumb Code   138  rt_memcpy_v6.o(.text)
    _memcpy_lastbytes                        0x0800c255   Thumb Code     0  rt_memcpy_v6.o(.text)
    __use_two_region_memory                  0x0800c279   Thumb Code     2  heapauxi.o(.text)
    __rt_heap_escrow                         0x0800c27b   Thumb Code     2  heapauxi.o(.text)
    __rt_heap_expand                         0x0800c27d   Thumb Code     2  heapauxi.o(.text)
    __rt_heap_descriptor                     0x0800c281   Thumb Code     8  rt_heap_descriptor_intlibspace.o(.text)
    __use_no_heap                            0x0800c289   Thumb Code     2  hguard.o(.text)
    __heap$guard                             0x0800c28b   Thumb Code     2  hguard.o(.text)
    _terminate_user_alloc                    0x0800c28d   Thumb Code     2  init_alloc.o(.text)
    _init_user_alloc                         0x0800c28f   Thumb Code     2  init_alloc.o(.text)
    __Heap_Full                              0x0800c291   Thumb Code    34  init_alloc.o(.text)
    __Heap_Broken                            0x0800c2b3   Thumb Code     6  init_alloc.o(.text)
    _init_alloc                              0x0800c2b9   Thumb Code    94  init_alloc.o(.text)
    __Heap_Initialize                        0x0800c317   Thumb Code    10  h1_init.o(.text)
    __Heap_DescSize                          0x0800c321   Thumb Code     4  h1_init.o(.text)
    __aeabi_memcpy4                          0x0800c325   Thumb Code     0  rt_memcpy_w.o(.text)
    __aeabi_memcpy8                          0x0800c325   Thumb Code     0  rt_memcpy_w.o(.text)
    __rt_memcpy_w                            0x0800c325   Thumb Code   100  rt_memcpy_w.o(.text)
    _memcpy_lastbytes_aligned                0x0800c36d   Thumb Code     0  rt_memcpy_w.o(.text)
    __user_libspace                          0x0800c389   Thumb Code     8  libspace.o(.text)
    __user_perproc_libspace                  0x0800c389   Thumb Code     0  libspace.o(.text)
    __user_perthread_libspace                0x0800c389   Thumb Code     0  libspace.o(.text)
    __Heap_ProvideMemory                     0x0800c391   Thumb Code    52  h1_extend.o(.text)
    __rt_SIGRTMEM                            0x0800c3c5   Thumb Code    14  defsig_rtmem_outer.o(.text)
    __I$use$semihosting                      0x0800c3d3   Thumb Code     0  use_no_semi.o(.text)
    __use_no_semihosting_swi                 0x0800c3d3   Thumb Code     2  use_no_semi.o(.text)
    __semihosting_library_function           0x0800c3d5   Thumb Code     0  indicate_semi.o(.text)
    __user_setup_stackheap                   0x0800c3d5   Thumb Code    74  sys_stackheap_outer.o(.text)
    exit                                     0x0800c41f   Thumb Code    12  exit.o(.text)
    __sig_exit                               0x0800c42b   Thumb Code    10  defsig_exit.o(.text)
    __rt_SIGRTMEM_inner                      0x0800c435   Thumb Code    22  defsig_rtmem_inner.o(.text)
    _sys_exit                                0x0800c485   Thumb Code     8  sys_exit.o(.text)
    __default_signal_display                 0x0800c491   Thumb Code    50  defsig_general.o(.text)
    _ttywrch                                 0x0800c4c3   Thumb Code    14  sys_wrch.o(.text)
    __aeabi_d2f                              0x0800c4d1   Thumb Code     0  d2f.o(x$fpl$d2f)
    _d2f                                     0x0800c4d1   Thumb Code    98  d2f.o(x$fpl$d2f)
    __aeabi_i2d                              0x0800c533   Thumb Code     0  dflt_clz.o(x$fpl$dflt)
    _dflt                                    0x0800c533   Thumb Code    46  dflt_clz.o(x$fpl$dflt)
    __aeabi_dmul                             0x0800c561   Thumb Code     0  dmul.o(x$fpl$dmul)
    _dmul                                    0x0800c561   Thumb Code   332  dmul.o(x$fpl$dmul)
    __fpl_dnaninf                            0x0800c6b5   Thumb Code   156  dnaninf.o(x$fpl$dnaninf)
    __fpl_dretinf                            0x0800c751   Thumb Code    12  dretinf.o(x$fpl$dretinf)
    _fp_init                                 0x0800c75d   Thumb Code    10  fpinit.o(x$fpl$fpinit)
    __fplib_config_fpu_vfp                   0x0800c765   Thumb Code     0  fpinit.o(x$fpl$fpinit)
    __fplib_config_pureend_doubles           0x0800c765   Thumb Code     0  fpinit.o(x$fpl$fpinit)
    __fpl_fretinf                            0x0800c767   Thumb Code    10  fretinf.o(x$fpl$fretinf)
    GPIO_PIN                                 0x0800c770   Data           8  ledbutton.o(.constdata)
    __I$use$fp                               0x0800c770   Number         0  usenofp.o(x$fpl$usenofp)
    status                                   0x20000001   Data           1  main.o(.data)
    loopTime                                 0x20000002   Data           2  main.o(.data)
    taskCounter                              0x20000004   Data           1  scheduler.o(.data)
    att                                      0x20000020   Data           6  imu.o(.data)
    rollI                                    0x20000026   Data           2  pid.o(.data)
    pitchI                                   0x20000028   Data           2  pid.o(.data)
    yawI                                     0x2000002a   Data           2  pid.o(.data)
    lastRollError                            0x2000002c   Data           2  pid.o(.data)
    lastPitchError                           0x2000002e   Data           2  pid.o(.data)
    lastYawError                             0x20000030   Data           2  pid.o(.data)
    motor                                    0x20000032   Data           8  pid.o(.data)
    rollP                                    0x2000003a   Data           2  pid.o(.data)
    rollD                                    0x2000003c   Data           2  pid.o(.data)
    rollPID                                  0x2000003e   Data           2  pid.o(.data)
    pitchP                                   0x20000040   Data           2  pid.o(.data)
    pitchD                                   0x20000042   Data           2  pid.o(.data)
    pitchPID                                 0x20000044   Data           2  pid.o(.data)
    yawP                                     0x20000046   Data           2  pid.o(.data)
    yawD                                     0x20000048   Data           2  pid.o(.data)
    yawPID                                   0x2000004a   Data           2  pid.o(.data)
    gyroZero                                 0x2000004c   Data           6  sensors.o(.data)
    calibratingA                             0x20000052   Data           2  sensors.o(.data)
    calibratingG                             0x20000054   Data           2  sensors.o(.data)
    crc                                      0x20000060   Data           2  checksum.o(.data)
    pbPressed                                0x20000067   Data           1  ledbutton.o(.data)
    timeDelay                                0x20000068   Data           4  time.o(.data)
    counter                                  0x2000006c   Data           4  time.o(.data)
    pbFilterCounter                          0x20000070   Data           4  time.o(.data)
    RxBufferPos                              0x20000074   Data           4  serial.o(.data)
    TxBufferTail                             0x20000078   Data           2  serial.o(.data)
    TxBufferHead                             0x2000007a   Data           2  serial.o(.data)
    TxDmaCallEnabled                         0x2000007c   Data           1  serial.o(.data)
    __stdout                                 0x20000080   Data           4  serial.o(.data)
    SystemCoreClock                          0x20000084   Data           4  system_stm32f4xx.o(.data)
    AHBPrescTable                            0x20000088   Data          16  system_stm32f4xx.o(.data)
    settings                                 0x200000a8   Data          60  main.o(.bss)
    imu                                      0x200000e4   Data          30  imu.o(.bss)
    p                                        0x2000011c   Data          40  pid.o(.bss)
    rc                                       0x200001a2   Data          16  rc.o(.bss)
    rcData                                   0x200001b2   Data          16  rc.o(.bss)
    TxBuffer                                 0x200001c2   Data         512  serial.o(.bss)
    RxBuffer                                 0x200003c2   Data         512  serial.o(.bss)
    __libspace_start                         0x200005c4   Data          96  libspace.o(.bss)
    __temporary_stack_top$libspace           0x20000624   Data           0  libspace.o(.bss)



==============================================================================

Memory Map of the image

  Image Entry point : 0x08000189

  Load Region LR_IROM1 (Base: 0x08000000, Size: 0x000002c4, Max: 0x00003e80, ABSOLUTE)

    Execution Region ER_IROM1 (Base: 0x08000000, Size: 0x0000021c, Max: 0x00003e80, ABSOLUTE)

    Base Addr    Size         Type   Attr      Idx    E Section Name        Object

    0x08000000   0x00000188   Data   RO          623    RESET               startup_stm32f40xx.o
    0x08000188   0x00000008   Code   RO          904  * !!!main             c_w.l(__main.o)
    0x08000190   0x00000034   Code   RO         1121    !!!scatter          c_w.l(__scatter.o)
    0x080001c4   0x0000001a   Code   RO         1123    !!handler_copy      c_w.l(__scatter_copy.o)
    0x080001de   0x00000002   PAD
    0x080001e0   0x0000001c   Code   RO         1125    !!handler_zi        c_w.l(__scatter_zi.o)
    0x080001fc   0x00000020   Data   RO         1119    Region$$Table       anon$$obj.o


    Execution Region RW_IRAM1 (Base: 0x20000000, Size: 0x00000c28, Max: 0x00020000, ABSOLUTE)

    Base Addr    Size         Type   Attr      Idx    E Section Name        Object

    0x20000000   0x00000004   Data   RW            5    .data               main.o
    0x20000004   0x00000008   Data   RW          203    .data               scheduler.o
    0x2000000c   0x0000001a   Data   RW          230    .data               imu.o
    0x20000026   0x00000026   Data   RW          261    .data               pid.o
    0x2000004c   0x00000010   Data   RW          289    .data               sensors.o
    0x2000005c   0x00000003   Data   RW          337    .data               protocol.o
    0x2000005f   0x00000001   PAD
    0x20000060   0x00000002   Data   RW          386    .data               checksum.o
    0x20000062   0x00000005   Data   RW          410    .data               rc.o
    0x20000067   0x00000001   Data   RW          438    .data               ledbutton.o
    0x20000068   0x0000000c   Data   RW          464    .data               time.o
    0x20000074   0x00000010   Data   RW          495    .data               serial.o
    0x20000084   0x00000014   Data   RW          598    .data               system_stm32f4xx.o
    0x20000098   0x00000010   Data   RW          651    .data               stm32f4xx_rcc.o
    0x200000a8   0x0000003c   Zero   RW            4    .bss                main.o
    0x200000e4   0x00000038   Zero   RW          229    .bss                imu.o
    0x2000011c   0x00000028   Zero   RW          260    .bss                pid.o
    0x20000144   0x00000018   Zero   RW          288    .bss                sensors.o
    0x2000015c   0x00000046   Zero   RW          336    .bss                protocol.o
    0x200001a2   0x00000020   Zero   RW          409    .bss                rc.o
    0x200001c2   0x00000400   Zero   RW          494    .bss                serial.o
    0x200005c2   0x00000002   PAD
    0x200005c4   0x00000060   Zero   RW         1001    .bss                c_w.l(libspace.o)
    0x20000624   0x00000004   PAD
    0x20000628   0x00000200   Zero   RW          622    HEAP                startup_stm32f40xx.o
    0x20000828   0x00000400   Zero   RW          621    STACK               startup_stm32f40xx.o



  Load Region LR_IROM2 (Base: 0x08008000, Size: 0x00004778, Max: 0x000f8300, ABSOLUTE)

    Execution Region ER_IROM2 (Base: 0x08008000, Size: 0x00004778, Max: 0x000f8300, ABSOLUTE)

    Base Addr    Size         Type   Attr      Idx    E Section Name        Object

    0x08008000   0x00000002   Code   RO         1061    .ARM.Collect$$libinit$$00000000  c_w.l(libinit.o)
    0x08008002   0x00000004   Code   RO          948    .ARM.Collect$$libinit$$00000001  c_w.l(libinit2.o)
    0x08008006   0x00000008   Code   RO          950    .ARM.Collect$$libinit$$00000003  c_w.l(libinit2.o)
    0x0800800e   0x00000000   Code   RO          952    .ARM.Collect$$libinit$$00000008  c_w.l(libinit2.o)
    0x0800800e   0x00000000   Code   RO          954    .ARM.Collect$$libinit$$0000000A  c_w.l(libinit2.o)
    0x0800800e   0x00000000   Code   RO          956    .ARM.Collect$$libinit$$0000000C  c_w.l(libinit2.o)
    0x0800800e   0x00000000   Code   RO          959    .ARM.Collect$$libinit$$0000000F  c_w.l(libinit2.o)
    0x0800800e   0x00000000   Code   RO          961    .ARM.Collect$$libinit$$00000011  c_w.l(libinit2.o)
    0x0800800e   0x00000000   Code   RO          963    .ARM.Collect$$libinit$$00000013  c_w.l(libinit2.o)
    0x0800800e   0x00000000   Code   RO          965    .ARM.Collect$$libinit$$00000015  c_w.l(libinit2.o)
    0x0800800e   0x00000000   Code   RO          967    .ARM.Collect$$libinit$$00000017  c_w.l(libinit2.o)
    0x0800800e   0x00000000   Code   RO          969    .ARM.Collect$$libinit$$00000019  c_w.l(libinit2.o)
    0x0800800e   0x00000000   Code   RO          971    .ARM.Collect$$libinit$$0000001B  c_w.l(libinit2.o)
    0x0800800e   0x00000000   Code   RO          973    .ARM.Collect$$libinit$$0000001D  c_w.l(libinit2.o)
    0x0800800e   0x00000000   Code   RO          975    .ARM.Collect$$libinit$$0000001F  c_w.l(libinit2.o)
    0x0800800e   0x00000000   Code   RO          977    .ARM.Collect$$libinit$$00000021  c_w.l(libinit2.o)
    0x0800800e   0x00000000   Code   RO          979    .ARM.Collect$$libinit$$00000023  c_w.l(libinit2.o)
    0x0800800e   0x00000000   Code   RO          983    .ARM.Collect$$libinit$$0000002A  c_w.l(libinit2.o)
    0x0800800e   0x00000000   Code   RO          985    .ARM.Collect$$libinit$$0000002C  c_w.l(libinit2.o)
    0x0800800e   0x00000000   Code   RO          987    .ARM.Collect$$libinit$$0000002E  c_w.l(libinit2.o)
    0x0800800e   0x00000000   Code   RO          989    .ARM.Collect$$libinit$$00000030  c_w.l(libinit2.o)
    0x0800800e   0x00000002   Code   RO          990    .ARM.Collect$$libinit$$00000031  c_w.l(libinit2.o)
    0x08008010   0x00000002   Code   RO         1118    .ARM.Collect$$libshutdown$$00000000  c_w.l(libshutdown.o)
    0x08008012   0x00000000   Code   RO         1076    .ARM.Collect$$libshutdown$$00000003  c_w.l(libshutdown2.o)
    0x08008012   0x00000000   Code   RO         1079    .ARM.Collect$$libshutdown$$00000006  c_w.l(libshutdown2.o)
    0x08008012   0x00000000   Code   RO         1082    .ARM.Collect$$libshutdown$$00000009  c_w.l(libshutdown2.o)
    0x08008012   0x00000000   Code   RO         1084    .ARM.Collect$$libshutdown$$0000000B  c_w.l(libshutdown2.o)
    0x08008012   0x00000000   Code   RO         1087    .ARM.Collect$$libshutdown$$0000000E  c_w.l(libshutdown2.o)
    0x08008012   0x00000002   Code   RO         1088    .ARM.Collect$$libshutdown$$0000000F  c_w.l(libshutdown2.o)
    0x08008014   0x00000000   Code   RO          918    .ARM.Collect$$rtentry$$00000000  c_w.l(rtentry.o)
    0x08008014   0x00000000   Code   RO         1004    .ARM.Collect$$rtentry$$00000002  c_w.l(rtentry2.o)
    0x08008014   0x00000006   Code   RO         1016    .ARM.Collect$$rtentry$$00000004  c_w.l(rtentry4.o)
    0x0800801a   0x00000000   Code   RO         1006    .ARM.Collect$$rtentry$$00000009  c_w.l(rtentry2.o)
    0x0800801a   0x00000004   Code   RO         1007    .ARM.Collect$$rtentry$$0000000A  c_w.l(rtentry2.o)
    0x0800801e   0x00000000   Code   RO         1009    .ARM.Collect$$rtentry$$0000000C  c_w.l(rtentry2.o)
    0x0800801e   0x00000008   Code   RO         1010    .ARM.Collect$$rtentry$$0000000D  c_w.l(rtentry2.o)
    0x08008026   0x00000002   Code   RO         1064    .ARM.Collect$$rtexit$$00000000  c_w.l(rtexit.o)
    0x08008028   0x00000000   Code   RO         1092    .ARM.Collect$$rtexit$$00000002  c_w.l(rtexit2.o)
    0x08008028   0x00000004   Code   RO         1093    .ARM.Collect$$rtexit$$00000003  c_w.l(rtexit2.o)
    0x0800802c   0x00000006   Code   RO         1094    .ARM.Collect$$rtexit$$00000004  c_w.l(rtexit2.o)
    0x08008032   0x00000002   PAD
    0x08008034   0x00000000   Code   RO         1020    .emb_text           c_w.l(maybetermalloc1.o)
    0x08008034   0x00000134   Code   RO            3    .text               main.o
    0x08008168   0x000000d0   Code   RO          202    .text               scheduler.o
    0x08008238   0x000003e8   Code   RO          228    .text               imu.o
    0x08008620   0x000002c8   Code   RO          259    .text               pid.o
    0x080088e8   0x000002b4   Code   RO          287    .text               sensors.o
    0x08008b9c   0x00000016   Code   RO          315    .text               utilities.o
    0x08008bb2   0x00000002   PAD
    0x08008bb4   0x00000220   Code   RO          335    .text               protocol.o
    0x08008dd4   0x000002f8   Code   RO          365    .text               telegram.o
    0x080090cc   0x00000058   Code   RO          385    .text               checksum.o
    0x08009124   0x0000017c   Code   RO          408    .text               rc.o
    0x080092a0   0x00000120   Code   RO          436    .text               ledbutton.o
    0x080093c0   0x000000e4   Code   RO          463    .text               time.o
    0x080094a4   0x0000028c   Code   RO          493    .text               serial.o
    0x08009730   0x00000244   Code   RO          521    .text               spi.o
    0x08009974   0x00000164   Code   RO          550    .text               motor.o
    0x08009ad8   0x0000020c   Code   RO          597    .text               system_stm32f4xx.o
    0x08009ce4   0x00000040   Code   RO          624    .text               startup_stm32f40xx.o
    0x08009d24   0x0000025c   Code   RO          630    .text               stm32f4xx_gpio.o
    0x08009f80   0x00000598   Code   RO          650    .text               stm32f4xx_rcc.o
    0x0800a518   0x000000e4   Code   RO          672    .text               misc.o
    0x0800a5fc   0x0000011c   Code   RO          692    .text               stm32f4xx_exti.o
    0x0800a718   0x0000008c   Code   RO          712    .text               stm32f4xx_syscfg.o
    0x0800a7a4   0x00000454   Code   RO          732    .text               stm32f4xx_usart.o
    0x0800abf8   0x000003a4   Code   RO          752    .text               stm32f4xx_dma.o
    0x0800af9c   0x0000044c   Code   RO          772    .text               stm32f4xx_spi.o
    0x0800b3e8   0x00000ca2   Code   RO          792    .text               stm32f4xx_tim.o
    0x0800c08a   0x0000005e   Code   RO          838    .text               c_w.l(h1_alloc.o)
    0x0800c0e8   0x0000004e   Code   RO          840    .text               c_w.l(h1_free.o)
    0x0800c136   0x000000b8   Code   RO          842    .text               c_w.l(h1_realloc.o)
    0x0800c1ee   0x0000008a   Code   RO          900    .text               c_w.l(rt_memcpy_v6.o)
    0x0800c278   0x00000006   Code   RO          902    .text               c_w.l(heapauxi.o)
    0x0800c27e   0x00000002   PAD
    0x0800c280   0x00000008   Code   RO          922    .text               c_w.l(rt_heap_descriptor_intlibspace.o)
    0x0800c288   0x00000004   Code   RO          924    .text               c_w.l(hguard.o)
    0x0800c28c   0x0000008a   Code   RO          926    .text               c_w.l(init_alloc.o)
    0x0800c316   0x0000000e   Code   RO          930    .text               c_w.l(h1_init.o)
    0x0800c324   0x00000064   Code   RO          944    .text               c_w.l(rt_memcpy_w.o)
    0x0800c388   0x00000008   Code   RO         1000    .text               c_w.l(libspace.o)
    0x0800c390   0x00000034   Code   RO         1022    .text               c_w.l(h1_extend.o)
    0x0800c3c4   0x0000000e   Code   RO         1026    .text               c_w.l(defsig_rtmem_outer.o)
    0x0800c3d2   0x00000002   Code   RO         1037    .text               c_w.l(use_no_semi.o)
    0x0800c3d4   0x00000000   Code   RO         1039    .text               c_w.l(indicate_semi.o)
    0x0800c3d4   0x0000004a   Code   RO         1040    .text               c_w.l(sys_stackheap_outer.o)
    0x0800c41e   0x0000000c   Code   RO         1046    .text               c_w.l(exit.o)
    0x0800c42a   0x0000000a   Code   RO         1048    .text               c_w.l(defsig_exit.o)
    0x0800c434   0x00000050   Code   RO         1050    .text               c_w.l(defsig_rtmem_inner.o)
    0x0800c484   0x0000000c   Code   RO         1062    .text               c_w.l(sys_exit.o)
    0x0800c490   0x00000032   Code   RO         1072    .text               c_w.l(defsig_general.o)
    0x0800c4c2   0x0000000e   Code   RO         1089    .text               c_w.l(sys_wrch.o)
    0x0800c4d0   0x00000062   Code   RO          906    x$fpl$d2f           fz_wm.l(d2f.o)
    0x0800c532   0x0000002e   Code   RO          909    x$fpl$dflt          fz_wm.l(dflt_clz.o)
    0x0800c560   0x00000154   Code   RO          914    x$fpl$dmul          fz_wm.l(dmul.o)
    0x0800c6b4   0x0000009c   Code   RO          991    x$fpl$dnaninf       fz_wm.l(dnaninf.o)
    0x0800c750   0x0000000c   Code   RO          993    x$fpl$dretinf       fz_wm.l(dretinf.o)
    0x0800c75c   0x0000000a   Code   RO         1035    x$fpl$fpinit        fz_wm.l(fpinit.o)
    0x0800c766   0x0000000a   Code   RO          995    x$fpl$fretinf       fz_wm.l(fretinf.o)
    0x0800c770   0x00000000   Code   RO          997    x$fpl$usenofp       fz_wm.l(usenofp.o)
    0x0800c770   0x00000008   Data   RO          437    .constdata          ledbutton.o


==============================================================================

Image component sizes


      Code (inc. data)   RO Data    RW Data    ZI Data      Debug   Object Name

        88          6          0          2          0       1034   checksum.o
      1000         62          0         26         56       4731   imu.o
       288         24          8          1          0       2210   ledbutton.o
       308         32          0          4         60     289359   main.o
       228         22          0          0          0       1881   misc.o
       356         16          0          0          0        912   motor.o
       712         78          0         38         40       2852   pid.o
       544         24          0          3         70       2898   protocol.o
       380         30          0          5         32       3158   rc.o
       208          8          0          8          0       1128   scheduler.o
       692         34          0         16         24       1990   sensors.o
       652         46          0         16       1024       4058   serial.o
       580         12          0          0          0       2819   spi.o
        64         26        392          0       1536        880   startup_stm32f40xx.o
       932         32          0          0          0       6361   stm32f4xx_dma.o
       284         10          0          0          0       2363   stm32f4xx_exti.o
       604         36          0          0          0       4125   stm32f4xx_gpio.o
      1432         54          0         16          0      11296   stm32f4xx_rcc.o
      1100         34          0          0          0       6877   stm32f4xx_spi.o
       140         12          0          0          0       1695   stm32f4xx_syscfg.o
      3234         60          0          0          0      22364   stm32f4xx_tim.o
      1108         34          0          0          0       7860   stm32f4xx_usart.o
       524         44          0         20          0       1963   system_stm32f4xx.o
       760         42          0          0          0       3519   telegram.o
       228         30          0         12          0      28427   time.o
        22          0          0          0          0        576   utilities.o

    ----------------------------------------------------------------------
     16470        808        432        168       2844     417336   Object Totals
         0          0         32          0          0          0   (incl. Generated)
         2          0          0          1          2          0   (incl. Padding)

    ----------------------------------------------------------------------

      Code (inc. data)   RO Data    RW Data    ZI Data      Debug   Library Member Name

         8          0          0          0          0         68   __main.o
        52          8          0          0          0          0   __scatter.o
        26          0          0          0          0          0   __scatter_copy.o
        28          0          0          0          0          0   __scatter_zi.o
        10          0          0          0          0         68   defsig_exit.o
        50          0          0          0          0         88   defsig_general.o
        80         58          0          0          0         76   defsig_rtmem_inner.o
        14          0          0          0          0         80   defsig_rtmem_outer.o
        12          0          0          0          0         72   exit.o
        94          0          0          0          0         80   h1_alloc.o
        52          0          0          0          0         68   h1_extend.o
        78          0          0          0          0         80   h1_free.o
        14          0          0          0          0         84   h1_init.o
       184          0          0          0          0         92   h1_realloc.o
         6          0          0          0          0        152   heapauxi.o
         4          0          0          0          0        136   hguard.o
         0          0          0          0          0          0   indicate_semi.o
       138          0          0          0          0        168   init_alloc.o
         2          0          0          0          0          0   libinit.o
        14          0          0          0          0          0   libinit2.o
         2          0          0          0          0          0   libshutdown.o
         2          0          0          0          0          0   libshutdown2.o
         8          4          0          0         96         68   libspace.o
         0          0          0          0          0          0   maybetermalloc1.o
         8          4          0          0          0         68   rt_heap_descriptor_intlibspace.o
       138          0          0          0          0         68   rt_memcpy_v6.o
       100          0          0          0          0         80   rt_memcpy_w.o
         0          0          0          0          0          0   rtentry.o
        12          0          0          0          0          0   rtentry2.o
         6          0          0          0          0          0   rtentry4.o
         2          0          0          0          0          0   rtexit.o
        10          0          0          0          0          0   rtexit2.o
        12          4          0          0          0         68   sys_exit.o
        74          0          0          0          0         80   sys_stackheap_outer.o
        14          0          0          0          0         76   sys_wrch.o
         2          0          0          0          0         68   use_no_semi.o
        98          4          0          0          0        140   d2f.o
        46          0          0          0          0        116   dflt_clz.o
       340         12          0          0          0        152   dmul.o
       156          4          0          0          0        140   dnaninf.o
        12          0          0          0          0        116   dretinf.o
        10          0          0          0          0        116   fpinit.o
        10          0          0          0          0        116   fretinf.o
         0          0          0          0          0          0   usenofp.o

    ----------------------------------------------------------------------
      1934         98          0          0        100       2784   Library Totals
         6          0          0          0          4          0   (incl. Padding)

    ----------------------------------------------------------------------

      Code (inc. data)   RO Data    RW Data    ZI Data      Debug   Library Name

      1256         78          0          0         96       1888   c_w.l
       672         20          0          0          0        896   fz_wm.l

    ----------------------------------------------------------------------
      1934         98          0          0        100       2784   Library Totals

    ----------------------------------------------------------------------

==============================================================================


      Code (inc. data)   RO Data    RW Data    ZI Data      Debug   

     18404        906        432        168       2944     413228   Grand Totals
     18404        906        432        168       2944     413228   ELF Image Totals
     18404        906        432        168          0          0   ROM Totals

==============================================================================

    Total RO  Size (Code + RO Data)                18836 (  18.39kB)
    Total RW  Size (RW Data + ZI Data)              3112 (   3.04kB)
    Total ROM Size (Code + RO Data + RW Data)      19004 (  18.56kB)

==============================================================================

